Component: ARM Compiler 5.06 update 5 (build 528) Tool: armlink [4d35e2]

==============================================================================

Section Cross References

    startup_stm32f10x_md.o(STACK) refers (Special) to heapauxi.o(.text) for __use_two_region_memory
    startup_stm32f10x_md.o(HEAP) refers (Special) to heapauxi.o(.text) for __use_two_region_memory
    startup_stm32f10x_md.o(RESET) refers (Special) to heapauxi.o(.text) for __use_two_region_memory
    startup_stm32f10x_md.o(RESET) refers to startup_stm32f10x_md.o(STACK) for __initial_sp
    startup_stm32f10x_md.o(RESET) refers to startup_stm32f10x_md.o(.text) for Reset_Handler
    startup_stm32f10x_md.o(RESET) refers to stm32f10x_it.o(i.NMI_Handler) for NMI_Handler
    startup_stm32f10x_md.o(RESET) refers to stm32f10x_it.o(i.HardFault_Handler) for HardFault_Handler
    startup_stm32f10x_md.o(RESET) refers to stm32f10x_it.o(i.MemManage_Handler) for MemManage_Handler
    startup_stm32f10x_md.o(RESET) refers to stm32f10x_it.o(i.BusFault_Handler) for BusFault_Handler
    startup_stm32f10x_md.o(RESET) refers to stm32f10x_it.o(i.UsageFault_Handler) for UsageFault_Handler
    startup_stm32f10x_md.o(RESET) refers to stm32f10x_it.o(i.SVC_Handler) for SVC_Handler
    startup_stm32f10x_md.o(RESET) refers to stm32f10x_it.o(i.DebugMon_Handler) for DebugMon_Handler
    startup_stm32f10x_md.o(RESET) refers to stm32f10x_it.o(i.PendSV_Handler) for PendSV_Handler
    startup_stm32f10x_md.o(RESET) refers to stm32f10x_it.o(i.SysTick_Handler) for SysTick_Handler
    startup_stm32f10x_md.o(.text) refers (Special) to heapauxi.o(.text) for __use_two_region_memory
    startup_stm32f10x_md.o(.text) refers to system_stm32f10x.o(i.SystemInit) for SystemInit
    startup_stm32f10x_md.o(.text) refers to __main.o(!!!main) for __main
    startup_stm32f10x_md.o(.text) refers to startup_stm32f10x_md.o(HEAP) for Heap_Mem
    startup_stm32f10x_md.o(.text) refers to startup_stm32f10x_md.o(STACK) for Stack_Mem
    system_stm32f10x.o(i.SetSysClock) refers to system_stm32f10x.o(i.SetSysClockTo72) for SetSysClockTo72
    system_stm32f10x.o(i.SystemCoreClockUpdate) refers to system_stm32f10x.o(.data) for SystemCoreClock
    system_stm32f10x.o(i.SystemInit) refers to system_stm32f10x.o(i.SetSysClock) for SetSysClock
    stm32f10x_adc.o(i.ADC_DeInit) refers to stm32f10x_rcc.o(i.RCC_APB2PeriphResetCmd) for RCC_APB2PeriphResetCmd
    stm32f10x_bkp.o(i.BKP_DeInit) refers to stm32f10x_rcc.o(i.RCC_BackupResetCmd) for RCC_BackupResetCmd
    stm32f10x_can.o(i.CAN_DeInit) refers to stm32f10x_rcc.o(i.RCC_APB1PeriphResetCmd) for RCC_APB1PeriphResetCmd
    stm32f10x_can.o(i.CAN_GetITStatus) refers to stm32f10x_can.o(i.CheckITStatus) for CheckITStatus
    stm32f10x_cec.o(i.CEC_DeInit) refers to stm32f10x_rcc.o(i.RCC_APB1PeriphResetCmd) for RCC_APB1PeriphResetCmd
    stm32f10x_dac.o(i.DAC_DeInit) refers to stm32f10x_rcc.o(i.RCC_APB1PeriphResetCmd) for RCC_APB1PeriphResetCmd
    stm32f10x_flash.o(i.FLASH_EnableWriteProtection) refers to stm32f10x_flash.o(i.FLASH_WaitForLastOperation) for FLASH_WaitForLastOperation
    stm32f10x_flash.o(i.FLASH_EraseAllBank1Pages) refers to stm32f10x_flash.o(i.FLASH_WaitForLastBank1Operation) for FLASH_WaitForLastBank1Operation
    stm32f10x_flash.o(i.FLASH_EraseAllPages) refers to stm32f10x_flash.o(i.FLASH_WaitForLastOperation) for FLASH_WaitForLastOperation
    stm32f10x_flash.o(i.FLASH_EraseOptionBytes) refers to stm32f10x_flash.o(i.FLASH_GetReadOutProtectionStatus) for FLASH_GetReadOutProtectionStatus
    stm32f10x_flash.o(i.FLASH_EraseOptionBytes) refers to stm32f10x_flash.o(i.FLASH_WaitForLastOperation) for FLASH_WaitForLastOperation
    stm32f10x_flash.o(i.FLASH_ErasePage) refers to stm32f10x_flash.o(i.FLASH_WaitForLastOperation) for FLASH_WaitForLastOperation
    stm32f10x_flash.o(i.FLASH_ProgramHalfWord) refers to stm32f10x_flash.o(i.FLASH_WaitForLastOperation) for FLASH_WaitForLastOperation
    stm32f10x_flash.o(i.FLASH_ProgramOptionByteData) refers to stm32f10x_flash.o(i.FLASH_WaitForLastOperation) for FLASH_WaitForLastOperation
    stm32f10x_flash.o(i.FLASH_ProgramWord) refers to stm32f10x_flash.o(i.FLASH_WaitForLastOperation) for FLASH_WaitForLastOperation
    stm32f10x_flash.o(i.FLASH_ReadOutProtection) refers to stm32f10x_flash.o(i.FLASH_WaitForLastOperation) for FLASH_WaitForLastOperation
    stm32f10x_flash.o(i.FLASH_UserOptionByteConfig) refers to stm32f10x_flash.o(i.FLASH_WaitForLastOperation) for FLASH_WaitForLastOperation
    stm32f10x_flash.o(i.FLASH_WaitForLastBank1Operation) refers to stm32f10x_flash.o(i.FLASH_GetBank1Status) for FLASH_GetBank1Status
    stm32f10x_flash.o(i.FLASH_WaitForLastOperation) refers to stm32f10x_flash.o(i.FLASH_GetBank1Status) for FLASH_GetBank1Status
    stm32f10x_gpio.o(i.GPIO_AFIODeInit) refers to stm32f10x_rcc.o(i.RCC_APB2PeriphResetCmd) for RCC_APB2PeriphResetCmd
    stm32f10x_gpio.o(i.GPIO_DeInit) refers to stm32f10x_rcc.o(i.RCC_APB2PeriphResetCmd) for RCC_APB2PeriphResetCmd
[...]
    ../clib/signal.c                         0x00000000   Number         0  defsig_pvfn_inner.o ABSOLUTE
    ../clib/signal.s                         0x00000000   Number         0  defsig.o ABSOLUTE
    ../clib/stdlib.c                         0x00000000   Number         0  exit.o ABSOLUTE
    ../fplib/d2f.s                           0x00000000   Number         0  d2f.o ABSOLUTE
    ../fplib/daddsub.s                       0x00000000   Number         0  daddsub_clz.o ABSOLUTE
    ../fplib/dcheck1.s                       0x00000000   Number         0  dcheck1.o ABSOLUTE
    ../fplib/dcmpi.s                         0x00000000   Number         0  dcmpi.o ABSOLUTE
    ../fplib/ddiv.s                          0x00000000   Number         0  ddiv.o ABSOLUTE
    ../fplib/dfix.s                          0x00000000   Number         0  dfix.o ABSOLUTE
    ../fplib/dfixu.s                         0x00000000   Number         0  dfixu.o ABSOLUTE
    ../fplib/dflt.s                          0x00000000   Number         0  dflt_clz.o ABSOLUTE
    ../fplib/dleqf.s                         0x00000000   Number         0  dleqf.o ABSOLUTE
    ../fplib/dmul.s                          0x00000000   Number         0  dmul.o ABSOLUTE
    ../fplib/dnaninf.s                       0x00000000   Number         0  dnaninf.o ABSOLUTE
    ../fplib/dretinf.s                       0x00000000   Number         0  dretinf.o ABSOLUTE
    ../fplib/drleqf.s                        0x00000000   Number         0  drleqf.o ABSOLUTE
    ../fplib/drnd.s                          0x00000000   Number         0  drnd.o ABSOLUTE
    ../fplib/f2d.s                           0x00000000   Number         0  f2d.o ABSOLUTE
    ../fplib/faddsub.s                       0x00000000   Number         0  faddsub_clz.o ABSOLUTE
    ../fplib/fcmpi.s                         0x00000000   Number         0  fcmpi.o ABSOLUTE
    ../fplib/ffix.s                          0x00000000   Number         0  ffix.o ABSOLUTE
    ../fplib/fflt.s                          0x00000000   Number         0  fflt_clz.o ABSOLUTE
    ../fplib/fleqf.s                         0x00000000   Number         0  fleqf.o ABSOLUTE
    ../fplib/fmul.s                          0x00000000   Number         0  fmul.o ABSOLUTE
    ../fplib/fnaninf.s                       0x00000000   Number         0  fnaninf.o ABSOLUTE
    ../fplib/fpinit.s                        0x00000000   Number         0  fpinit.o ABSOLUTE
    ../fplib/fretinf.s                       0x00000000   Number         0  fretinf.o ABSOLUTE
    ../fplib/istatus.s                       0x00000000   Number         0  istatus.o ABSOLUTE
    ../fplib/printf1.s                       0x00000000   Number         0  printf1.o ABSOLUTE
    ../fplib/printf2.s                       0x00000000   Number         0  printf2.o ABSOLUTE
    ../fplib/printf2a.s                      0x00000000   Number         0  printf2a.o ABSOLUTE
    ../fplib/printf2b.s                      0x00000000   Number         0  printf2b.o ABSOLUTE
    ../fplib/retnan.s                        0x00000000   Number         0  retnan.o ABSOLUTE
    ../fplib/scalbn.s                        0x00000000   Number         0  scalbn.o ABSOLUTE
    ../fplib/trapv.s                         0x00000000   Number         0  trapv.o ABSOLUTE
    ../fplib/usenofp.s                       0x00000000   Number         0  usenofp.o ABSOLUTE
    ../mathlib/atan.c                        0x00000000   Number         0  atan_x.o ABSOLUTE
    ../mathlib/atan.c                        0x00000000   Number         0  atan.o ABSOLUTE
    ../mathlib/atan2.c                       0x00000000   Number         0  atan2.o ABSOLUTE
    ../mathlib/atan2.c                       0x00000000   Number         0  atan2_x.o ABSOLUTE
    ../mathlib/dunder.c                      0x00000000   Number         0  dunder.o ABSOLUTE
    ../mathlib/fpclassify.c                  0x00000000   Number         0  fpclassify.o ABSOLUTE
    ../mathlib/poly.c                        0x00000000   Number         0  poly.o ABSOLUTE
    ../mathlib/qnan.c                        0x00000000   Number         0  qnan.o ABSOLUTE
    ../mathlib/round.c                       0x00000000   Number         0  round.o ABSOLUTE
    Hardware\AD.c                            0x00000000   Number         0  ad.o ABSOLUTE
    Hardware\Key.c                           0x00000000   Number         0  key.o ABSOLUTE
    Hardware\LED.c                           0x00000000   Number         0  led.o ABSOLUTE
    Hardware\OLED.c                          0x00000000   Number         0  oled.o ABSOLUTE
    Hardware\OLED_Data.c                     0x00000000   Number         0  oled_data.o ABSOLUTE
    Hardware\beep.c                          0x00000000   Number         0  beep.o ABSOLUTE
    Hardware\i2c_eeprom.c                    0x00000000   Number         0  i2c_eeprom.o ABSOLUTE
    Library\misc.c                           0x00000000   Number         0  misc.o ABSOLUTE
    Library\stm32f10x_adc.c                  0x00000000   Number         0  stm32f10x_adc.o ABSOLUTE
    Library\stm32f10x_bkp.c                  0x00000000   Number         0  stm32f10x_bkp.o ABSOLUTE
    Library\stm32f10x_can.c                  0x00000000   Number         0  stm32f10x_can.o ABSOLUTE
    Library\stm32f10x_cec.c                  0x00000000   Number         0  stm32f10x_cec.o ABSOLUTE
    Library\stm32f10x_crc.c                  0x00000000   Number         0  stm32f10x_crc.o ABSOLUTE
    Library\stm32f10x_dac.c                  0x00000000   Number         0  stm32f10x_dac.o ABSOLUTE
    Library\stm32f10x_dbgmcu.c               0x00000000   Number         0  stm32f10x_dbgmcu.o ABSOLUTE
    Library\stm32f10x_dma.c                  0x00000000   Number         0  stm32f10x_dma.o ABSOLUTE
    Library\stm32f10x_exti.c                 0x00000000   Number         0  stm32f10x_exti.o ABSOLUTE
    Library\stm32f10x_flash.c                0x00000000   Number         0  stm32f10x_flash.o ABSOLUTE
    Library\stm32f10x_fsmc.c                 0x00000000   Number         0  stm32f10x_fsmc.o ABSOLUTE
    Library\stm32f10x_gpio.c                 0x00000000   Number         0  stm32f10x_gpio.o ABSOLUTE
    Library\stm32f10x_i2c.c                  0x00000000   Number         0  stm32f10x_i2c.o ABSOLUTE
    Library\stm32f10x_iwdg.c                 0x00000000   Number         0  stm32f10x_iwdg.o ABSOLUTE
    Library\stm32f10x_pwr.c                  0x00000000   Number         0  stm32f10x_pwr.o ABSOLUTE
    Library\stm32f10x_rcc.c                  0x00000000   Number         0  stm32f10x_rcc.o ABSOLUTE
    Library\stm32f10x_rtc.c                  0x00000000   Number         0  stm32f10x_rtc.o ABSOLUTE
    Library\stm32f10x_sdio.c                 0x00000000   Number         0  stm32f10x_sdio.o ABSOLUTE
    Library\stm32f10x_spi.c                  0x00000000   Number         0  stm32f10x_spi.o ABSOLUTE
    Library\stm32f10x_tim.c                  0x00000000   Number         0  stm32f10x_tim.o ABSOLUTE
    Library\stm32f10x_usart.c                0x00000000   Number         0  stm32f10x_usart.o ABSOLUTE
    Library\stm32f10x_wwdg.c                 0x00000000   Number         0  stm32f10x_wwdg.o ABSOLUTE
    Start\\core_cm3.c                        0x00000000   Number         0  core_cm3.o ABSOLUTE
    Start\core_cm3.c                         0x00000000   Number         0  core_cm3.o ABSOLUTE
    Start\startup_stm32f10x_md.s             0x00000000   Number         0  startup_stm32f10x_md.o ABSOLUTE
    Start\system_stm32f10x.c                 0x00000000   Number         0  system_stm32f10x.o ABSOLUTE
    System\Delay.c                           0x00000000   Number         0  delay.o ABSOLUTE
    User\main.c                              0x00000000   Number         0  main.o ABSOLUTE
    User\stm32f10x_it.c                      0x00000000   Number         0  stm32f10x_it.o ABSOLUTE
    dc.s                                     0x00000000   Number         0  dc.o ABSOLUTE
    RESET                                    0x08000000   Section      236  startup_stm32f10x_md.o(RESET)
    !!!main                                  0x080000ec   Section        8  __main.o(!!!main)
    !!!scatter                               0x080000f4   Section       52  __scatter.o(!!!scatter)
    !!handler_copy                           0x08000128   Section       26  __scatter_copy.o(!!handler_copy)
    !!handler_zi                             0x08000144   Section       28  __scatter_zi.o(!!handler_zi)
    .ARM.Collect$$_printf_percent$$00000000  0x08000160   Section        0  _printf_percent.o(.ARM.Collect$$_printf_percent$$00000000)
    .ARM.Collect$$_printf_percent$$00000003  0x08000160   Section        6  _printf_f.o(.ARM.Collect$$_printf_percent$$00000003)
    .ARM.Collect$$_printf_percent$$00000009  0x08000166   Section        6  _printf_d.o(.ARM.Collect$$_printf_percent$$00000009)
    .ARM.Collect$$_printf_percent$$00000017  0x0800016c   Section        4  _printf_percent_end.o(.ARM.Collect$$_printf_percent$$00000017)
    .ARM.Collect$$libinit$$00000000          0x08000170   Section        2  libinit.o(.ARM.Collect$$libinit$$00000000)
    .ARM.Collect$$libinit$$00000002          0x08000172   Section        0  libinit2.o(.ARM.Collect$$libinit$$00000002)
    .ARM.Collect$$libinit$$00000004          0x08000172   Section        0  libinit2.o(.ARM.Collect$$libinit$$00000004)
    .ARM.Collect$$libinit$$0000000A          0x08000172   Section        0  libinit2.o(.ARM.Collect$$libinit$$0000000A)
    .ARM.Collect$$libinit$$0000000C          0x08000172   Section        0  libinit2.o(.ARM.Collect$$libinit$$0000000C)
    .ARM.Collect$$libinit$$0000000E          0x08000172   Section        0  libinit2.o(.ARM.Collect$$libinit$$0000000E)
    .ARM.Collect$$libinit$$0000000F          0x08000172   Section        6  libinit2.o(.ARM.Collect$$libinit$$0000000F)
    .ARM.Collect$$libinit$$00000011          0x08000178   Section        0  libinit2.o(.ARM.Collect$$libinit$$00000011)
    .ARM.Collect$$libinit$$00000013          0x08000178   Section        0  libinit2.o(.ARM.Collect$$libinit$$00000013)
    .ARM.Collect$$libinit$$00000015          0x08000178   Section        0  libinit2.o(.ARM.Collect$$libinit$$00000015)
    .ARM.Collect$$libinit$$00000016          0x08000178   Section       10  libinit2.o(.ARM.Collect$$libinit$$00000016)
    .ARM.Collect$$libinit$$00000017          0x08000182   Section        0  libinit2.o(.ARM.Collect$$libinit$$00000017)
    .ARM.Collect$$libinit$$00000019          0x08000182   Section        0  libinit2.o(.ARM.Collect$$libinit$$00000019)
    .ARM.Collect$$libinit$$0000001B          0x08000182   Section        0  libinit2.o(.ARM.Collect$$libinit$$0000001B)
    .ARM.Collect$$libinit$$0000001D          0x08000182   Section        0  libinit2.o(.ARM.Collect$$libinit$$0000001D)
    .ARM.Collect$$libinit$$0000001F          0x08000182   Section        0  libinit2.o(.ARM.Collect$$libinit$$0000001F)
    .ARM.Collect$$libinit$$00000021          0x08000182   Section        0  libinit2.o(.ARM.Collect$$libinit$$00000021)
    .ARM.Collect$$libinit$$00000023          0x08000182   Section        0  libinit2.o(.ARM.Collect$$libinit$$00000023)
    .ARM.Collect$$libinit$$00000025          0x08000182   Section        0  libinit2.o(.ARM.Collect$$libinit$$00000025)
    .ARM.Collect$$libinit$$0000002C          0x08000182   Section        0  libinit2.o(.ARM.Collect$$libinit$$0000002C)
    .ARM.Collect$$libinit$$0000002E          0x08000182   Section        0  libinit2.o(.ARM.Collect$$libinit$$0000002E)
    .ARM.Collect$$libinit$$00000030          0x08000182   Section        0  libinit2.o(.ARM.Collect$$libinit$$00000030)
    .ARM.Collect$$libinit$$00000032          0x08000182   Section        0  libinit2.o(.ARM.Collect$$libinit$$00000032)
    .ARM.Collect$$libinit$$00000033          0x08000182   Section        2  libinit2.o(.ARM.Collect$$libinit$$00000033)
    .ARM.Collect$$libshutdown$$00000000      0x08000184   Section        2  libshutdown.o(.ARM.Collect$$libshutdown$$00000000)
    .ARM.Collect$$libshutdown$$00000002      0x08000186   Section        0  libshutdown2.o(.ARM.Collect$$libshutdown$$00000002)
    .ARM.Collect$$libshutdown$$00000004      0x08000186   Section        0  libshutdown2.o(.ARM.Collect$$libshutdown$$00000004)
    .ARM.Collect$$libshutdown$$00000007      0x08000186   Section        0  libshutdown2.o(.ARM.Collect$$libshutdown$$00000007)
    .ARM.Collect$$libshutdown$$0000000A      0x08000186   Section        0  libshutdown2.o(.ARM.Collect$$libshutdown$$0000000A)
    .ARM.Collect$$libshutdown$$0000000C      0x08000186   Section        0  libshutdown2.o(.ARM.Collect$$libshutdown$$0000000C)
    .ARM.Collect$$libshutdown$$0000000F      0x08000186   Section        0  libshutdown2.o(.ARM.Collect$$libshutdown$$0000000F)
    .ARM.Collect$$libshutdown$$00000010      0x08000186   Section        2  libshutdown2.o(.ARM.Collect$$libshutdown$$00000010)
    .ARM.Collect$$rtentry$$00000000          0x08000188   Section        0  __rtentry.o(.ARM.Collect$$rtentry$$00000000)
    .ARM.Collect$$rtentry$$00000002          0x08000188   Section        0  __rtentry2.o(.ARM.Collect$$rtentry$$00000002)
    .ARM.Collect$$rtentry$$00000004          0x08000188   Section        6  __rtentry4.o(.ARM.Collect$$rtentry$$00000004)
    .ARM.Collect$$rtentry$$00000009          0x0800018e   Section        0  __rtentry2.o(.ARM.Collect$$rtentry$$00000009)
    .ARM.Collect$$rtentry$$0000000A          0x0800018e   Section        4  __rtentry2.o(.ARM.Collect$$rtentry$$0000000A)
    .ARM.Collect$$rtentry$$0000000C          0x08000192   Section        0  __rtentry2.o(.ARM.Collect$$rtentry$$0000000C)
    .ARM.Collect$$rtentry$$0000000D          0x08000192   Section        8  __rtentry2.o(.ARM.Collect$$rtentry$$0000000D)
    .ARM.Collect$$rtexit$$00000000           0x0800019a   Section        2  rtexit.o(.ARM.Collect$$rtexit$$00000000)
    .ARM.Collect$$rtexit$$00000002           0x0800019c   Section        0  rtexit2.o(.ARM.Collect$$rtexit$$00000002)
    .ARM.Collect$$rtexit$$00000003           0x0800019c   Section        4  rtexit2.o(.ARM.Collect$$rtexit$$00000003)
    .ARM.Collect$$rtexit$$00000004           0x080001a0   Section        6  rtexit2.o(.ARM.Collect$$rtexit$$00000004)
    .text                                    0x080001a8   Section       64  startup_stm32f10x_md.o(.text)
    .text                                    0x080001e8   Section        0  __2sprintf.o(.text)
    .text                                    0x08000214   Section        0  _printf_dec.o(.text)
    .text                                    0x0800028c   Section        0  __printf_flags_ss_wp.o(.text)
    .text                                    0x08000414   Section      128  strcmpv7m.o(.text)
    .text                                    0x08000494   Section        0  heapauxi.o(.text)
    .text                                    0x0800049a   Section        0  _printf_intcommon.o(.text)
    .text                                    0x0800054c   Section        0  _printf_fp_dec.o(.text)
    _fp_digits                               0x0800054f   Thumb Code   432  _printf_fp_dec.o(.text)
    .text                                    0x0800096c   Section        0  _printf_char_common.o(.text)
    _printf_input_char                       0x0800096d   Thumb Code    10  _printf_char_common.o(.text)
    .text                                    0x0800099c   Section        0  _sputc.o(.text)
    .text                                    0x080009a8   Section        8  rt_locale_intlibspace.o(.text)
    .text                                    0x080009b0   Section      138  lludiv10.o(.text)
    .text                                    0x08000a3c   Section        0  _printf_fp_infnan.o(.text)
    .text                                    0x08000abc   Section        0  bigflt0.o(.text)
    .text                                    0x08000ba0   Section        8  libspace.o(.text)
    .text                                    0x08000ba8   Section       74  sys_stackheap_outer.o(.text)
    .text                                    0x08000bf2   Section        0  exit.o(.text)
    .text                                    0x08000c04   Section        0  sys_exit.o(.text)
    .text                                    0x08000c10   Section        2  use_no_semi.o(.text)
    .text                                    0x08000c12   Section        0  indicate_semi.o(.text)
    CL$$btod_d2e                             0x08000c12   Section       62  btod.o(CL$$btod_d2e)
    CL$$btod_d2e_denorm_low                  0x08000c50   Section       70  btod.o(CL$$btod_d2e_denorm_low)
    CL$$btod_d2e_norm_op1                    0x08000c96   Section       96  btod.o(CL$$btod_d2e_norm_op1)
    CL$$btod_div_common                      0x08000cf6   Section      824  btod.o(CL$$btod_div_common)
    CL$$btod_e2e                             0x0800102e   Section      220  btod.o(CL$$btod_e2e)
    CL$$btod_ediv                            0x0800110a   Section       42  btod.o(CL$$btod_ediv)
    CL$$btod_emul                            0x08001134   Section       42  btod.o(CL$$btod_emul)
    CL$$btod_mult_common                     0x0800115e   Section      580  btod.o(CL$$btod_mult_common)
    i.ADC_Cmd                                0x080013a2   Section        0  stm32f10x_adc.o(i.ADC_Cmd)
    i.ADC_GetCalibrationStatus               0x080013b8   Section        0  stm32f10x_adc.o(i.ADC_GetCalibrationStatus)
    i.ADC_GetConversionValue                 0x080013cc   Section        0  stm32f10x_adc.o(i.ADC_GetConversionValue)
    i.ADC_GetFlagStatus                      0x080013d4   Section        0  stm32f10x_adc.o(i.ADC_GetFlagStatus)
    i.ADC_GetResetCalibrationStatus          0x080013e6   Section        0  stm32f10x_adc.o(i.ADC_GetResetCalibrationStatus)
    i.ADC_Init                               0x080013fc   Section        0  stm32f10x_adc.o(i.ADC_Init)
    i.ADC_RegularChannelConfig               0x0800144c   Section        0  stm32f10x_adc.o(i.ADC_RegularChannelConfig)
    i.ADC_ResetCalibration                   0x08001504   Section        0  stm32f10x_adc.o(i.ADC_ResetCalibration)
    i.ADC_SoftwareStartConvCmd               0x0800150e   Section        0  stm32f10x_adc.o(i.ADC_SoftwareStartConvCmd)
    i.ADC_StartCalibration                   0x08001524   Section        0  stm32f10x_adc.o(i.ADC_StartCalibration)
    i.AD_GetValue                            0x08001530   Section        0  ad.o(i.AD_GetValue)
    i.AD_Init                                0x08001564   Section        0  ad.o(i.AD_Init)
    i.BusFault_Handler                       0x080015f8   Section        0  stm32f10x_it.o(i.BusFault_Handler)
    i.DebugMon_Handler                       0x080015fc   Section        0  stm32f10x_it.o(i.DebugMon_Handler)
    i.Delay_ms                               0x080015fe   Section        0  delay.o(i.Delay_ms)
    i.Delay_us                               0x08001616   Section        0  delay.o(i.Delay_us)
    i.GPIO_Init                              0x08001644   Section        0  stm32f10x_gpio.o(i.GPIO_Init)
    i.GPIO_PinRemapConfig                    0x0800175c   Section        0  stm32f10x_gpio.o(i.GPIO_PinRemapConfig)
    i.GPIO_ReadInputDataBit                  0x080017ec   Section        0  stm32f10x_gpio.o(i.GPIO_ReadInputDataBit)
    i.GPIO_ResetBits                         0x080017fe   Section        0  stm32f10x_gpio.o(i.GPIO_ResetBits)
    i.GPIO_SetBits                           0x08001802   Section        0  stm32f10x_gpio.o(i.GPIO_SetBits)
    i.GPIO_WriteBit                          0x08001806   Section        0  stm32f10x_gpio.o(i.GPIO_WriteBit)
    i.HardFault_Handler                      0x08001810   Section        0  stm32f10x_it.o(i.HardFault_Handler)
    i.I2CInit                                0x08001814   Section        0  i2c_eeprom.o(i.I2CInit)
    i.I2CReceiveByte                         0x08001840   Section        0  i2c_eeprom.o(i.I2CReceiveByte)
    i.I2CSendByte                            0x08001890   Section        0  i2c_eeprom.o(i.I2CSendByte)
    i.I2CStart                               0x080018de   Section        0  i2c_eeprom.o(i.I2CStart)
    i.I2CStop                                0x08001912   Section        0  i2c_eeprom.o(i.I2CStop)
    i.I2CWaitAck                             0x08001946   Section        0  i2c_eeprom.o(i.I2CWaitAck)
    i.Key_GetNum                             0x08001994   Section        0  key.o(i.Key_GetNum)
    i.Key_Init                               0x08001a6c   Section        0  key.o(i.Key_Init)
    i.LED_Init                               0x08001ac0   Section        0  led.o(i.LED_Init)
    i.LED_change                             0x08001b0c   Section        0  led.o(i.LED_change)
    i.MemManage_Handler                      0x08001c08   Section        0  stm32f10x_it.o(i.MemManage_Handler)
    i.NMI_Handler                            0x08001c0c   Section        0  stm32f10x_it.o(i.NMI_Handler)
    i.OLED_Clear                             0x08001c10   Section        0  oled.o(i.OLED_Clear)
    i.OLED_ClearArea                         0x08001c38   Section        0  oled.o(i.OLED_ClearArea)
    i.OLED_DrawLine                          0x08001ce0   Section        0  oled.o(i.OLED_DrawLine)
    i.OLED_DrawPoint                         0x08001e58   Section        0  oled.o(i.OLED_DrawPoint)
    i.OLED_GPIO_Init                         0x08001ea8   Section        0  oled.o(i.OLED_GPIO_Init)
    i.OLED_I2C_SendByte                      0x08001f08   Section        0  oled.o(i.OLED_I2C_SendByte)
    i.OLED_I2C_Start                         0x08001f46   Section        0  oled.o(i.OLED_I2C_Start)
    i.OLED_I2C_Stop                          0x08001f62   Section        0  oled.o(i.OLED_I2C_Stop)
    i.OLED_Init                              0x08001f78   Section        0  oled.o(i.OLED_Init)
    i.OLED_Pow                               0x08002012   Section        0  oled.o(i.OLED_Pow)
    i.OLED_ReverseArea                       0x08002028   Section        0  oled.o(i.OLED_ReverseArea)
    i.OLED_SetCursor                         0x080020d0   Section        0  oled.o(i.OLED_SetCursor)
    i.OLED_ShowChar                          0x080020f4   Section        0  oled.o(i.OLED_ShowChar)
    i.OLED_ShowImage                         0x08002148   Section        0  oled.o(i.OLED_ShowImage)
    i.OLED_ShowNum                           0x08002274   Section        0  oled.o(i.OLED_ShowNum)
    i.OLED_ShowString                        0x080022c0   Section        0  oled.o(i.OLED_ShowString)
    i.OLED_Update                            0x080022f0   Section        0  oled.o(i.OLED_Update)
    i.OLED_W_SCL                             0x08002318   Section        0  oled.o(i.OLED_W_SCL)
    i.OLED_W_SDA                             0x08002330   Section        0  oled.o(i.OLED_W_SDA)
    i.OLED_WriteCommand                      0x08002348   Section        0  oled.o(i.OLED_WriteCommand)
    i.OLED_WriteData                         0x08002368   Section        0  oled.o(i.OLED_WriteData)
    i.PendSV_Handler                         0x08002396   Section        0  stm32f10x_it.o(i.PendSV_Handler)
    i.RCC_ADCCLKConfig                       0x08002398   Section        0  stm32f10x_rcc.o(i.RCC_ADCCLKConfig)
    i.RCC_APB2PeriphClockCmd                 0x080023b0   Section        0  stm32f10x_rcc.o(i.RCC_APB2PeriphClockCmd)
    i.SCL_Output                             0x080023d0   Section        0  i2c_eeprom.o(i.SCL_Output)
    i.SDA_Input                              0x080023f4   Section        0  i2c_eeprom.o(i.SDA_Input)
    i.SDA_Input_Mode                         0x08002410   Section        0  i2c_eeprom.o(i.SDA_Input_Mode)
    i.SDA_Output                             0x0800243c   Section        0  i2c_eeprom.o(i.SDA_Output)
    i.SDA_Output_Mode                        0x08002460   Section        0  i2c_eeprom.o(i.SDA_Output_Mode)
    i.SVC_Handler                            0x0800248c   Section        0  stm32f10x_it.o(i.SVC_Handler)
    i.SetSysClock                            0x0800248e   Section        0  system_stm32f10x.o(i.SetSysClock)
    SetSysClock                              0x0800248f   Thumb Code     8  system_stm32f10x.o(i.SetSysClock)
    i.SetSysClockTo72                        0x08002498   Section        0  system_stm32f10x.o(i.SetSysClockTo72)
    SetSysClockTo72                          0x08002499   Thumb Code   214  system_stm32f10x.o(i.SetSysClockTo72)
    i.SysTick_Handler                        0x08002578   Section        0  stm32f10x_it.o(i.SysTick_Handler)
    i.SystemInit                             0x0800257c   Section        0  system_stm32f10x.o(i.SystemInit)
    i.UsageFault_Handler                     0x080025dc   Section        0  stm32f10x_it.o(i.UsageFault_Handler)
    i.__ARM_fpclassify                       0x080025e0   Section        0  fpclassify.o(i.__ARM_fpclassify)
    i._is_digit                              0x08002608   Section        0  __printf_wp.o(i._is_digit)
    i.beep_Init                              0x08002618   Section        0  beep.o(i.beep_Init)
    i.beep_change                            0x08002644   Section        0  beep.o(i.beep_change)
    i.delay1                                 0x08002664   Section        0  i2c_eeprom.o(i.delay1)
    delay1                                   0x08002665   Thumb Code    12  i2c_eeprom.o(i.delay1)
    i.eeprom_read                            0x08002670   Section        0  i2c_eeprom.o(i.eeprom_read)
    i.eeprom_white                           0x080026b6   Section        0  i2c_eeprom.o(i.eeprom_white)
    i.main                                   0x080026ec   Section        0  main.o(i.main)
    i.read                                   0x08003aa4   Section        0  main.o(i.read)
    i.save                                   0x08003c0c   Section        0  main.o(i.save)
    locale$$code                             0x08003d74   Section       44  lc_numeric_c.o(locale$$code)
    x$fpl$d2f                                0x08003da0   Section       98  d2f.o(x$fpl$d2f)
    x$fpl$dadd                               0x08003e04   Section      336  daddsub_clz.o(x$fpl$dadd)
    _dadd1                                   0x08003e15   Thumb Code     0  daddsub_clz.o(x$fpl$dadd)
    x$fpl$dcmpinf                            0x08003f54   Section       24  dcmpi.o(x$fpl$dcmpinf)
    x$fpl$dleqf                              0x08003f6c   Section      120  dleqf.o(x$fpl$dleqf)
    x$fpl$dmul                               0x08003fe4   Section      340  dmul.o(x$fpl$dmul)
    x$fpl$dnaninf                            0x08004138   Section      156  dnaninf.o(x$fpl$dnaninf)
    x$fpl$dretinf                            0x080041d4   Section       12  dretinf.o(x$fpl$dretinf)
    x$fpl$drleqf                             0x080041e0   Section      108  drleqf.o(x$fpl$drleqf)
    x$fpl$drsb                               0x0800424c   Section       22  daddsub_clz.o(x$fpl$drsb)
    x$fpl$dsub                               0x08004264   Section      468  daddsub_clz.o(x$fpl$dsub)
    _dsub1                                   0x08004275   Thumb Code     0  daddsub_clz.o(x$fpl$dsub)
    x$fpl$f2d                                0x08004438   Section       86  f2d.o(x$fpl$f2d)
    x$fpl$fadd                               0x08004490   Section      196  faddsub_clz.o(x$fpl$fadd)
    _fadd1                                   0x0800449f   Thumb Code     0  faddsub_clz.o(x$fpl$fadd)
    x$fpl$ffix                               0x08004554   Section       54  ffix.o(x$fpl$ffix)
    x$fpl$ffltu                              0x0800458c   Section       38  fflt_clz.o(x$fpl$ffltu)
    x$fpl$fmul                               0x080045b4   Section      258  fmul.o(x$fpl$fmul)
    x$fpl$fnaninf                            0x080046b6   Section      140  fnaninf.o(x$fpl$fnaninf)
    x$fpl$fretinf                            0x08004742   Section       10  fretinf.o(x$fpl$fretinf)
    x$fpl$fsub                               0x0800474c   Section      234  faddsub_clz.o(x$fpl$fsub)
    _fsub1                                   0x0800475b   Thumb Code     0  faddsub_clz.o(x$fpl$fsub)
    x$fpl$printf1                            0x08004836   Section        4  printf1.o(x$fpl$printf1)
    .constdata                               0x0800483a   Section     2374  oled_data.o(.constdata)
    x$fpl$usenofp                            0x0800483a   Section        0  usenofp.o(x$fpl$usenofp)
    .constdata                               0x08005180   Section       17  __printf_flags_ss_wp.o(.constdata)
    maptable                                 0x08005180   Data          17  __printf_flags_ss_wp.o(.constdata)
    .constdata                               0x08005194   Section      148  bigflt0.o(.constdata)
    tenpwrs_x                                0x08005194   Data          60  bigflt0.o(.constdata)
    tenpwrs_i                                0x080051d0   Data          64  bigflt0.o(.constdata)
    locale$$data                             0x08005248   Section       28  lc_numeric_c.o(locale$$data)
    __lcnum_c_name                           0x0800524c   Data           2  lc_numeric_c.o(locale$$data)
    __lcnum_c_start                          0x08005254   Data           0  lc_numeric_c.o(locale$$data)
    __lcnum_c_point                          0x08005260   Data           0  lc_numeric_c.o(locale$$data)
    __lcnum_c_thousands                      0x08005262   Data           0  lc_numeric_c.o(locale$$data)
    __lcnum_c_grouping                       0x08005263   Data           0  lc_numeric_c.o(locale$$data)
    __lcnum_c_end                            0x08005264   Data           0  lc_numeric_c.o(locale$$data)
    .data                                    0x20000000   Section      128  main.o(.data)
    .bss                                     0x20000080   Section     1024  oled.o(.bss)
    .bss                                     0x20000480   Section     1566  main.o(.bss)
    .bss                                     0x20000aa0   Section       96  libspace.o(.bss)
    HEAP                                     0x20000b00   Section      512  startup_stm32f10x_md.o(HEAP)
    Heap_Mem                                 0x20000b00   Data         512  startup_stm32f10x_md.o(HEAP)
    STACK                                    0x20000d00   Section     1024  startup_stm32f10x_md.o(STACK)
    Stack_Mem                                0x20000d00   Data        1024  startup_stm32f10x_md.o(STACK)
    __initial_sp                             0x20001100   Data           0  startup_stm32f10x_md.o(STACK)

    Global Symbols

    Symbol Name                              Value     Ov Type        Size  Object(Section)

    BuildAttributes$$THM_ISAv4$P$D$K$B$S$PE$A:L22UL41UL21$X:L11$S22US41US21$IEEE1$IW$USESV6$~STKCKD$USESV7$~SHL$OTIME$ROPI$IEEEX$EBA8$UX$STANDARDLIB$REQ8$PRES8$EABIv2 0x00000000   Number         0  anon$$obj.o ABSOLUTE
    __ARM_use_no_argv                        0x00000000   Number         0  main.o ABSOLUTE
    _printf_flags                            0x00000000   Number         0  printf_stubs.o ABSOLUTE
    _printf_return_value                     0x00000000   Number         0  printf_stubs.o ABSOLUTE
    _printf_sizespec                         0x00000000   Number         0  printf_stubs.o ABSOLUTE
    _printf_widthprec                        0x00000000   Number         0  printf_stubs.o ABSOLUTE
    __ARM_exceptions_init                     - Undefined Weak Reference
    __alloca_initialize                       - Undefined Weak Reference
    __arm_preinit_                            - Undefined Weak Reference
    __cpp_initialize__aeabi_                  - Undefined Weak Reference
    __cxa_finalize                            - Undefined Weak Reference
    __sigvec_lookup                           - Undefined Weak Reference
    _atexit_init                              - Undefined Weak Reference
    _call_atexit_fns                          - Undefined Weak Reference
    _clock_init                               - Undefined Weak Reference
    _fp_trap_init                             - Undefined Weak Reference
    _fp_trap_shutdown                         - Undefined Weak Reference
    _get_lc_collate                           - Undefined Weak Reference
    _get_lc_monetary                          - Undefined Weak Reference
    _get_lc_time                              - Undefined Weak Reference
    _getenv_init                              - Undefined Weak Reference
    _handle_redirection                       - Undefined Weak Reference
    _init_alloc                               - Undefined Weak Reference
    _init_user_alloc                          - Undefined Weak Reference
    _initio                                   - Undefined Weak Reference
    _printf_mbtowc                            - Undefined Weak Reference
    _printf_wc                                - Undefined Weak Reference
    _rand_init                                - Undefined Weak Reference
    _signal_finish                            - Undefined Weak Reference
    _signal_init                              - Undefined Weak Reference
    _terminate_alloc                          - Undefined Weak Reference
    _terminate_user_alloc                     - Undefined Weak Reference
    _terminateio                              - Undefined Weak Reference
    __Vectors_Size                           0x000000ec   Number         0  startup_stm32f10x_md.o ABSOLUTE
    __Vectors                                0x08000000   Data           4  startup_stm32f10x_md.o(RESET)
    __Vectors_End                            0x080000ec   Data           0  startup_stm32f10x_md.o(RESET)
    __main                                   0x080000ed   Thumb Code     8  __main.o(!!!main)
    __scatterload                            0x080000f5   Thumb Code     0  __scatter.o(!!!scatter)
    __scatterload_rt2                        0x080000f5   Thumb Code    44  __scatter.o(!!!scatter)
    __scatterload_rt2_thumb_only             0x080000f5   Thumb Code     0  __scatter.o(!!!scatter)
    __scatterload_null                       0x08000103   Thumb Code     0  __scatter.o(!!!scatter)
    __scatterload_copy                       0x08000129   Thumb Code    26  __scatter_copy.o(!!handler_copy)
    __scatterload_zeroinit                   0x08000145   Thumb Code    28  __scatter_zi.o(!!handler_zi)
    _printf_f                                0x08000161   Thumb Code     0  _printf_f.o(.ARM.Collect$$_printf_percent$$00000003)
    _printf_percent                          0x08000161   Thumb Code     0  _printf_percent.o(.ARM.Collect$$_printf_percent$$00000000)
    _printf_d                                0x08000167   Thumb Code     0  _printf_d.o(.ARM.Collect$$_printf_percent$$00000009)
    _printf_percent_end                      0x0800016d   Thumb Code     0  _printf_percent_end.o(.ARM.Collect$$_printf_percent$$00000017)
    __rt_lib_init                            0x08000171   Thumb Code     0  libinit.o(.ARM.Collect$$libinit$$00000000)
    __rt_lib_init_fp_1                       0x08000173   Thumb Code     0  libinit2.o(.ARM.Collect$$libinit$$00000002)
    __rt_lib_init_heap_1                     0x08000173   Thumb Code     0  libinit2.o(.ARM.Collect$$libinit$$0000000A)
    __rt_lib_init_lc_common                  0x08000173   Thumb Code     0  libinit2.o(.ARM.Collect$$libinit$$0000000F)
    __rt_lib_init_preinit_1                  0x08000173   Thumb Code     0  libinit2.o(.ARM.Collect$$libinit$$00000004)
    __rt_lib_init_rand_1                     0x08000173   Thumb Code     0  libinit2.o(.ARM.Collect$$libinit$$0000000E)
    __rt_lib_init_user_alloc_1               0x08000173   Thumb Code     0  libinit2.o(.ARM.Collect$$libinit$$0000000C)
    __rt_lib_init_lc_collate_1               0x08000179   Thumb Code     0  libinit2.o(.ARM.Collect$$libinit$$00000011)
    __rt_lib_init_lc_ctype_1                 0x08000179   Thumb Code     0  libinit2.o(.ARM.Collect$$libinit$$00000013)
    __rt_lib_init_lc_monetary_1              0x08000179   Thumb Code     0  libinit2.o(.ARM.Collect$$libinit$$00000015)
    __rt_lib_init_lc_numeric_2               0x08000179   Thumb Code     0  libinit2.o(.ARM.Collect$$libinit$$00000016)
    __rt_lib_init_alloca_1                   0x08000183   Thumb Code     0  libinit2.o(.ARM.Collect$$libinit$$0000002E)
    __rt_lib_init_argv_1                     0x08000183   Thumb Code     0  libinit2.o(.ARM.Collect$$libinit$$0000002C)
    __rt_lib_init_atexit_1                   0x08000183   Thumb Code     0  libinit2.o(.ARM.Collect$$libinit$$0000001B)
    __rt_lib_init_clock_1                    0x08000183   Thumb Code     0  libinit2.o(.ARM.Collect$$libinit$$00000021)
    __rt_lib_init_cpp_1                      0x08000183   Thumb Code     0  libinit2.o(.ARM.Collect$$libinit$$00000032)
    __rt_lib_init_exceptions_1               0x08000183   Thumb Code     0  libinit2.o(.ARM.Collect$$libinit$$00000030)
    __rt_lib_init_fp_trap_1                  0x08000183   Thumb Code     0  libinit2.o(.ARM.Collect$$libinit$$0000001F)
    __rt_lib_init_getenv_1                   0x08000183   Thumb Code     0  libinit2.o(.ARM.Collect$$libinit$$00000023)
    __rt_lib_init_lc_numeric_1               0x08000183   Thumb Code     0  libinit2.o(.ARM.Collect$$libinit$$00000017)
    __rt_lib_init_lc_time_1                  0x08000183   Thumb Code     0  libinit2.o(.ARM.Collect$$libinit$$00000019)
    __rt_lib_init_return                     0x08000183   Thumb Code     0  libinit2.o(.ARM.Collect$$libinit$$00000033)
    __rt_lib_init_signal_1                   0x08000183   Thumb Code     0  libinit2.o(.ARM.Collect$$libinit$$0000001D)
    __rt_lib_init_stdio_1                    0x08000183   Thumb Code     0  libinit2.o(.ARM.Collect$$libinit$$00000025)
    __rt_lib_shutdown                        0x08000185   Thumb Code     0  libshutdown.o(.ARM.Collect$$libshutdown$$00000000)
    __rt_lib_shutdown_cpp_1                  0x08000187   Thumb Code     0  libshutdown2.o(.ARM.Collect$$libshutdown$$00000002)
    __rt_lib_shutdown_fp_trap_1              0x08000187   Thumb Code     0  libshutdown2.o(.ARM.Collect$$libshutdown$$00000007)
    __rt_lib_shutdown_heap_1                 0x08000187   Thumb Code     0  libshutdown2.o(.ARM.Collect$$libshutdown$$0000000F)
    __rt_lib_shutdown_return                 0x08000187   Thumb Code     0  libshutdown2.o(.ARM.Collect$$libshutdown$$00000010)
    __rt_lib_shutdown_signal_1               0x08000187   Thumb Code     0  libshutdown2.o(.ARM.Collect$$libshutdown$$0000000A)
    __rt_lib_shutdown_stdio_1                0x08000187   Thumb Code     0  libshutdown2.o(.ARM.Collect$$libshutdown$$00000004)
    __rt_lib_shutdown_user_alloc_1           0x08000187   Thumb Code     0  libshutdown2.o(.ARM.Collect$$libshutdown$$0000000C)
    __rt_entry                               0x08000189   Thumb Code     0  __rtentry.o(.ARM.Collect$$rtentry$$00000000)
    __rt_entry_presh_1                       0x08000189   Thumb Code     0  __rtentry2.o(.ARM.Collect$$rtentry$$00000002)
    __rt_entry_sh                            0x08000189   Thumb Code     0  __rtentry4.o(.ARM.Collect$$rtentry$$00000004)
    __rt_entry_li                            0x0800018f   Thumb Code     0  __rtentry2.o(.ARM.Collect$$rtentry$$0000000A)
    __rt_entry_postsh_1                      0x0800018f   Thumb Code     0  __rtentry2.o(.ARM.Collect$$rtentry$$00000009)
    __rt_entry_main                          0x08000193   Thumb Code     0  __rtentry2.o(.ARM.Collect$$rtentry$$0000000D)
    __rt_entry_postli_1                      0x08000193   Thumb Code     0  __rtentry2.o(.ARM.Collect$$rtentry$$0000000C)
    __rt_exit                                0x0800019b   Thumb Code     0  rtexit.o(.ARM.Collect$$rtexit$$00000000)
    __rt_exit_ls                             0x0800019d   Thumb Code     0  rtexit2.o(.ARM.Collect$$rtexit$$00000003)
    __rt_exit_prels_1                        0x0800019d   Thumb Code     0  rtexit2.o(.ARM.Collect$$rtexit$$00000002)
    __rt_exit_exit                           0x080001a1   Thumb Code     0  rtexit2.o(.ARM.Collect$$rtexit$$00000004)
    Reset_Handler                            0x080001a9   Thumb Code     8  startup_stm32f10x_md.o(.text)
    ADC1_2_IRQHandler                        0x080001c3   Thumb Code     0  startup_stm32f10x_md.o(.text)
    CAN1_RX1_IRQHandler                      0x080001c3   Thumb Code     0  startup_stm32f10x_md.o(.text)
    CAN1_SCE_IRQHandler                      0x080001c3   Thumb Code     0  startup_stm32f10x_md.o(.text)
    DMA1_Channel1_IRQHandler                 0x080001c3   Thumb Code     0  startup_stm32f10x_md.o(.text)
    DMA1_Channel2_IRQHandler                 0x080001c3   Thumb Code     0  startup_stm32f10x_md.o(.text)
    DMA1_Channel3_IRQHandler                 0x080001c3   Thumb Code     0  startup_stm32f10x_md.o(.text)
    DMA1_Channel4_IRQHandler                 0x080001c3   Thumb Code     0  startup_stm32f10x_md.o(.text)
    DMA1_Channel5_IRQHandler                 0x080001c3   Thumb Code     0  startup_stm32f10x_md.o(.text)
    DMA1_Channel6_IRQHandler                 0x080001c3   Thumb Code     0  startup_stm32f10x_md.o(.text)
    DMA1_Channel7_IRQHandler                 0x080001c3   Thumb Code     0  startup_stm32f10x_md.o(.text)
    EXTI0_IRQHandler                         0x080001c3   Thumb Code     0  startup_stm32f10x_md.o(.text)
    EXTI15_10_IRQHandler                     0x080001c3   Thumb Code     0  startup_stm32f10x_md.o(.text)
    EXTI1_IRQHandler                         0x080001c3   Thumb Code     0  startup_stm32f10x_md.o(.text)
    EXTI2_IRQHandler                         0x080001c3   Thumb Code     0  startup_stm32f10x_md.o(.text)
    EXTI3_IRQHandler                         0x080001c3   Thumb Code     0  startup_stm32f10x_md.o(.text)
    EXTI4_IRQHandler                         0x080001c3   Thumb Code     0  startup_stm32f10x_md.o(.text)
    EXTI9_5_IRQHandler                       0x080001c3   Thumb Code     0  startup_stm32f10x_md.o(.text)
    FLASH_IRQHandler                         0x080001c3   Thumb Code     0  startup_stm32f10x_md.o(.text)
    I2C1_ER_IRQHandler                       0x080001c3   Thumb Code     0  startup_stm32f10x_md.o(.text)
    I2C1_EV_IRQHandler                       0x080001c3   Thumb Code     0  startup_stm32f10x_md.o(.text)
    I2C2_ER_IRQHandler                       0x080001c3   Thumb Code     0  startup_stm32f10x_md.o(.text)
    I2C2_EV_IRQHandler                       0x080001c3   Thumb Code     0  startup_stm32f10x_md.o(.text)
    PVD_IRQHandler                           0x080001c3   Thumb Code     0  startup_stm32f10x_md.o(.text)
    RCC_IRQHandler                           0x080001c3   Thumb Code     0  startup_stm32f10x_md.o(.text)
    RTCAlarm_IRQHandler                      0x080001c3   Thumb Code     0  startup_stm32f10x_md.o(.text)
    RTC_IRQHandler                           0x080001c3   Thumb Code     0  startup_stm32f10x_md.o(.text)
    SPI1_IRQHandler                          0x080001c3   Thumb Code     0  startup_stm32f10x_md.o(.text)
    SPI2_IRQHandler                          0x080001c3   Thumb Code     0  startup_stm32f10x_md.o(.text)
    TAMPER_IRQHandler                        0x080001c3   Thumb Code     0  startup_stm32f10x_md.o(.text)
    TIM1_BRK_IRQHandler                      0x080001c3   Thumb Code     0  startup_stm32f10x_md.o(.text)
    TIM1_CC_IRQHandler                       0x080001c3   Thumb Code     0  startup_stm32f10x_md.o(.text)
    TIM1_TRG_COM_IRQHandler                  0x080001c3   Thumb Code     0  startup_stm32f10x_md.o(.text)
    TIM1_UP_IRQHandler                       0x080001c3   Thumb Code     0  startup_stm32f10x_md.o(.text)
    TIM2_IRQHandler                          0x080001c3   Thumb Code     0  startup_stm32f10x_md.o(.text)
    TIM3_IRQHandler                          0x080001c3   Thumb Code     0  startup_stm32f10x_md.o(.text)
    TIM4_IRQHandler                          0x080001c3   Thumb Code     0  startup_stm32f10x_md.o(.text)
    USART1_IRQHandler                        0x080001c3   Thumb Code     0  startup_stm32f10x_md.o(.text)
    USART2_IRQHandler                        0x080001c3   Thumb Code     0  startup_stm32f10x_md.o(.text)
    USART3_IRQHandler                        0x080001c3   Thumb Code     0  startup_stm32f10x_md.o(.text)
    USBWakeUp_IRQHandler                     0x080001c3   Thumb Code     0  startup_stm32f10x_md.o(.text)
    USB_HP_CAN1_TX_IRQHandler                0x080001c3   Thumb Code     0  startup_stm32f10x_md.o(.text)
    USB_LP_CAN1_RX0_IRQHandler               0x080001c3   Thumb Code     0  startup_stm32f10x_md.o(.text)
    WWDG_IRQHandler                          0x080001c3   Thumb Code     0  startup_stm32f10x_md.o(.text)
    __user_initial_stackheap                 0x080001c5   Thumb Code     0  startup_stm32f10x_md.o(.text)
    __2sprintf                               0x080001e9   Thumb Code    38  __2sprintf.o(.text)
    _printf_int_dec                          0x08000215   Thumb Code   104  _printf_dec.o(.text)
    __printf                                 0x0800028d   Thumb Code   388  __printf_flags_ss_wp.o(.text)
    strcmp                                   0x08000415   Thumb Code   128  strcmpv7m.o(.text)
    __use_two_region_memory                  0x08000495   Thumb Code     2  heapauxi.o(.text)
    __rt_heap_escrow$2region                 0x08000497   Thumb Code     2  heapauxi.o(.text)
    __rt_heap_expand$2region                 0x08000499   Thumb Code     2  heapauxi.o(.text)
    _printf_int_common                       0x0800049b   Thumb Code   178  _printf_intcommon.o(.text)
    __lib_sel_fp_printf                      0x0800054d   Thumb Code     2  _printf_fp_dec.o(.text)
    _printf_fp_dec_real                      0x080006ff   Thumb Code   620  _printf_fp_dec.o(.text)
    _printf_char_common                      0x08000977   Thumb Code    32  _printf_char_common.o(.text)
    _sputc                                   0x0800099d   Thumb Code    10  _sputc.o(.text)
    __rt_locale                              0x080009a9   Thumb Code     8  rt_locale_intlibspace.o(.text)
    _ll_udiv10                               0x080009b1   Thumb Code   138  lludiv10.o(.text)
    _printf_fp_infnan                        0x08000a3d   Thumb Code   112  _printf_fp_infnan.o(.text)
    _btod_etento                             0x08000abd   Thumb Code   224  bigflt0.o(.text)
    __user_libspace                          0x08000ba1   Thumb Code     8  libspace.o(.text)
    __user_perproc_libspace                  0x08000ba1   Thumb Code     0  libspace.o(.text)
    __user_perthread_libspace                0x08000ba1   Thumb Code     0  libspace.o(.text)
    __user_setup_stackheap                   0x08000ba9   Thumb Code    74  sys_stackheap_outer.o(.text)
    exit                                     0x08000bf3   Thumb Code    18  exit.o(.text)
    _sys_exit                                0x08000c05   Thumb Code     8  sys_exit.o(.text)
    __I$use$semihosting                      0x08000c11   Thumb Code     0  use_no_semi.o(.text)
    __use_no_semihosting_swi                 0x08000c11   Thumb Code     2  use_no_semi.o(.text)
    __semihosting_library_function           0x08000c13   Thumb Code     0  indicate_semi.o(.text)
    _btod_d2e                                0x08000c13   Thumb Code    62  btod.o(CL$$btod_d2e)
    _d2e_denorm_low                          0x08000c51   Thumb Code    70  btod.o(CL$$btod_d2e_denorm_low)
    _d2e_norm_op1                            0x08000c97   Thumb Code    96  btod.o(CL$$btod_d2e_norm_op1)
    __btod_div_common                        0x08000cf7   Thumb Code   696  btod.o(CL$$btod_div_common)
    _e2e                                     0x0800102f   Thumb Code   220  btod.o(CL$$btod_e2e)
    _btod_ediv                               0x0800110b   Thumb Code    42  btod.o(CL$$btod_ediv)
    _btod_emul                               0x08001135   Thumb Code    42  btod.o(CL$$btod_emul)
    __btod_mult_common                       0x0800115f   Thumb Code   580  btod.o(CL$$btod_mult_common)
    ADC_Cmd                                  0x080013a3   Thumb Code    22  stm32f10x_adc.o(i.ADC_Cmd)
    ADC_GetCalibrationStatus                 0x080013b9   Thumb Code    20  stm32f10x_adc.o(i.ADC_GetCalibrationStatus)
    ADC_GetConversionValue                   0x080013cd   Thumb Code     8  stm32f10x_adc.o(i.ADC_GetConversionValue)
    ADC_GetFlagStatus                        0x080013d5   Thumb Code    18  stm32f10x_adc.o(i.ADC_GetFlagStatus)
    ADC_GetResetCalibrationStatus            0x080013e7   Thumb Code    20  stm32f10x_adc.o(i.ADC_GetResetCalibrationStatus)
    ADC_Init                                 0x080013fd   Thumb Code    70  stm32f10x_adc.o(i.ADC_Init)
    ADC_RegularChannelConfig                 0x0800144d   Thumb Code   184  stm32f10x_adc.o(i.ADC_RegularChannelConfig)
    ADC_ResetCalibration                     0x08001505   Thumb Code    10  stm32f10x_adc.o(i.ADC_ResetCalibration)
    ADC_SoftwareStartConvCmd                 0x0800150f   Thumb Code    22  stm32f10x_adc.o(i.ADC_SoftwareStartConvCmd)
    ADC_StartCalibration                     0x08001525   Thumb Code    10  stm32f10x_adc.o(i.ADC_StartCalibration)
    AD_GetValue                              0x08001531   Thumb Code    46  ad.o(i.AD_GetValue)
    AD_Init                                  0x08001565   Thumb Code   138  ad.o(i.AD_Init)
    BusFault_Handler                         0x080015f9   Thumb Code     4  stm32f10x_it.o(i.BusFault_Handler)
    DebugMon_Handler                         0x080015fd   Thumb Code     2  stm32f10x_it.o(i.DebugMon_Handler)
    Delay_ms                                 0x080015ff   Thumb Code    24  delay.o(i.Delay_ms)
    Delay_us                                 0x08001617   Thumb Code    46  delay.o(i.Delay_us)
    GPIO_Init                                0x08001645   Thumb Code   278  stm32f10x_gpio.o(i.GPIO_Init)
    GPIO_PinRemapConfig                      0x0800175d   Thumb Code   138  stm32f10x_gpio.o(i.GPIO_PinRemapConfig)
    GPIO_ReadInputDataBit                    0x080017ed   Thumb Code    18  stm32f10x_gpio.o(i.GPIO_ReadInputDataBit)
    GPIO_ResetBits                           0x080017ff   Thumb Code     4  stm32f10x_gpio.o(i.GPIO_ResetBits)
    GPIO_SetBits                             0x08001803   Thumb Code     4  stm32f10x_gpio.o(i.GPIO_SetBits)
    GPIO_WriteBit                            0x08001807   Thumb Code    10  stm32f10x_gpio.o(i.GPIO_WriteBit)
    HardFault_Handler                        0x08001811   Thumb Code     4  stm32f10x_it.o(i.HardFault_Handler)
    I2CInit                                  0x08001815   Thumb Code    40  i2c_eeprom.o(i.I2CInit)
    I2CReceiveByte                           0x08001841   Thumb Code    80  i2c_eeprom.o(i.I2CReceiveByte)
    I2CSendByte                              0x08001891   Thumb Code    78  i2c_eeprom.o(i.I2CSendByte)
    I2CStart                                 0x080018df   Thumb Code    52  i2c_eeprom.o(i.I2CStart)
    I2CStop                                  0x08001913   Thumb Code    52  i2c_eeprom.o(i.I2CStop)
    I2CWaitAck                               0x08001947   Thumb Code    78  i2c_eeprom.o(i.I2CWaitAck)
    Key_GetNum                               0x08001995   Thumb Code   206  key.o(i.Key_GetNum)
    Key_Init                                 0x08001a6d   Thumb Code    74  key.o(i.Key_Init)
    LED_Init                                 0x08001ac1   Thumb Code    66  led.o(i.LED_Init)
    LED_change                               0x08001b0d   Thumb Code   248  led.o(i.LED_change)
    MemManage_Handler                        0x08001c09   Thumb Code     4  stm32f10x_it.o(i.MemManage_Handler)
    NMI_Handler                              0x08001c0d   Thumb Code     2  stm32f10x_it.o(i.NMI_Handler)
    OLED_Clear                               0x08001c11   Thumb Code    36  oled.o(i.OLED_Clear)
    OLED_ClearArea                           0x08001c39   Thumb Code   162  oled.o(i.OLED_ClearArea)
    OLED_DrawLine                            0x08001ce1   Thumb Code   374  oled.o(i.OLED_DrawLine)
    OLED_DrawPoint                           0x08001e59   Thumb Code    74  oled.o(i.OLED_DrawPoint)
    OLED_GPIO_Init                           0x08001ea9   Thumb Code    92  oled.o(i.OLED_GPIO_Init)
    OLED_I2C_SendByte                        0x08001f09   Thumb Code    62  oled.o(i.OLED_I2C_SendByte)
    OLED_I2C_Start                           0x08001f47   Thumb Code    28  oled.o(i.OLED_I2C_Start)
    OLED_I2C_Stop                            0x08001f63   Thumb Code    22  oled.o(i.OLED_I2C_Stop)
    OLED_Init                                0x08001f79   Thumb Code   154  oled.o(i.OLED_Init)
    OLED_Pow                                 0x08002013   Thumb Code    20  oled.o(i.OLED_Pow)
    OLED_ReverseArea                         0x08002029   Thumb Code   162  oled.o(i.OLED_ReverseArea)
    OLED_SetCursor                           0x080020d1   Thumb Code    34  oled.o(i.OLED_SetCursor)
    OLED_ShowChar                            0x080020f5   Thumb Code    74  oled.o(i.OLED_ShowChar)
    OLED_ShowImage                           0x08002149   Thumb Code   296  oled.o(i.OLED_ShowImage)
    OLED_ShowNum                             0x08002275   Thumb Code    76  oled.o(i.OLED_ShowNum)
    OLED_ShowString                          0x080022c1   Thumb Code    46  oled.o(i.OLED_ShowString)
    OLED_Update                              0x080022f1   Thumb Code    36  oled.o(i.OLED_Update)
    OLED_W_SCL                               0x08002319   Thumb Code    18  oled.o(i.OLED_W_SCL)
    OLED_W_SDA                               0x08002331   Thumb Code    18  oled.o(i.OLED_W_SDA)
    OLED_WriteCommand                        0x08002349   Thumb Code    32  oled.o(i.OLED_WriteCommand)
    OLED_WriteData                           0x08002369   Thumb Code    46  oled.o(i.OLED_WriteData)
    PendSV_Handler                           0x08002397   Thumb Code     2  stm32f10x_it.o(i.PendSV_Handler)
    RCC_ADCCLKConfig                         0x08002399   Thumb Code    18  stm32f10x_rcc.o(i.RCC_ADCCLKConfig)
    RCC_APB2PeriphClockCmd                   0x080023b1   Thumb Code    26  stm32f10x_rcc.o(i.RCC_APB2PeriphClockCmd)
    SCL_Output                               0x080023d1   Thumb Code    30  i2c_eeprom.o(i.SCL_Output)
    SDA_Input                                0x080023f5   Thumb Code    22  i2c_eeprom.o(i.SDA_Input)
    SDA_Input_Mode                           0x08002411   Thumb Code    40  i2c_eeprom.o(i.SDA_Input_Mode)
    SDA_Output                               0x0800243d   Thumb Code    30  i2c_eeprom.o(i.SDA_Output)
    SDA_Output_Mode                          0x08002461   Thumb Code    40  i2c_eeprom.o(i.SDA_Output_Mode)
    SVC_Handler                              0x0800248d   Thumb Code     2  stm32f10x_it.o(i.SVC_Handler)
    SysTick_Handler                          0x08002579   Thumb Code     2  stm32f10x_it.o(i.SysTick_Handler)
    SystemInit                               0x0800257d   Thumb Code    78  system_stm32f10x.o(i.SystemInit)
    UsageFault_Handler                       0x080025dd   Thumb Code     4  stm32f10x_it.o(i.UsageFault_Handler)
    __ARM_fpclassify                         0x080025e1   Thumb Code    40  fpclassify.o(i.__ARM_fpclassify)
    _is_digit                                0x08002609   Thumb Code    14  __printf_wp.o(i._is_digit)
    beep_Init                                0x08002619   Thumb Code    38  beep.o(i.beep_Init)
    beep_change                              0x08002645   Thumb Code    28  beep.o(i.beep_change)
    eeprom_read                              0x08002671   Thumb Code    70  i2c_eeprom.o(i.eeprom_read)
    eeprom_white                             0x080026b7   Thumb Code    52  i2c_eeprom.o(i.eeprom_white)
    main                                     0x080026ed   Thumb Code  5022  main.o(i.main)
    read                                     0x08003aa5   Thumb Code   310  main.o(i.read)
    save                                     0x08003c0d   Thumb Code   310  main.o(i.save)
    _get_lc_numeric                          0x08003d75   Thumb Code    44  lc_numeric_c.o(locale$$code)
    __aeabi_d2f                              0x08003da1   Thumb Code     0  d2f.o(x$fpl$d2f)
    _d2f                                     0x08003da1   Thumb Code    98  d2f.o(x$fpl$d2f)
    __aeabi_dadd                             0x08003e05   Thumb Code     0  daddsub_clz.o(x$fpl$dadd)
    _dadd                                    0x08003e05   Thumb Code   332  daddsub_clz.o(x$fpl$dadd)
    __fpl_dcmp_Inf                           0x08003f55   Thumb Code    24  dcmpi.o(x$fpl$dcmpinf)
    __aeabi_cdcmple                          0x08003f6d   Thumb Code     0  dleqf.o(x$fpl$dleqf)
    _dcmple                                  0x08003f6d   Thumb Code   120  dleqf.o(x$fpl$dleqf)
    __fpl_dcmple_InfNaN                      0x08003fcf   Thumb Code     0  dleqf.o(x$fpl$dleqf)
    __aeabi_dmul                             0x08003fe5   Thumb Code     0  dmul.o(x$fpl$dmul)
    _dmul                                    0x08003fe5   Thumb Code   332  dmul.o(x$fpl$dmul)
    __fpl_dnaninf                            0x08004139   Thumb Code   156  dnaninf.o(x$fpl$dnaninf)
    __fpl_dretinf                            0x080041d5   Thumb Code    12  dretinf.o(x$fpl$dretinf)
    __aeabi_cdrcmple                         0x080041e1   Thumb Code     0  drleqf.o(x$fpl$drleqf)
    _drcmple                                 0x080041e1   Thumb Code   108  drleqf.o(x$fpl$drleqf)
    __aeabi_drsub                            0x0800424d   Thumb Code     0  daddsub_clz.o(x$fpl$drsb)
    _drsb                                    0x0800424d   Thumb Code    22  daddsub_clz.o(x$fpl$drsb)
    __aeabi_dsub                             0x08004265   Thumb Code     0  daddsub_clz.o(x$fpl$dsub)
    _dsub                                    0x08004265   Thumb Code   464  daddsub_clz.o(x$fpl$dsub)
    __aeabi_f2d                              0x08004439   Thumb Code     0  f2d.o(x$fpl$f2d)
    _f2d                                     0x08004439   Thumb Code    86  f2d.o(x$fpl$f2d)
    __aeabi_fadd                             0x08004491   Thumb Code     0  faddsub_clz.o(x$fpl$fadd)
    _fadd                                    0x08004491   Thumb Code   196  faddsub_clz.o(x$fpl$fadd)
    __aeabi_f2iz                             0x08004555   Thumb Code     0  ffix.o(x$fpl$ffix)
    _ffix                                    0x08004555   Thumb Code    54  ffix.o(x$fpl$ffix)
    __aeabi_ui2f                             0x0800458d   Thumb Code     0  fflt_clz.o(x$fpl$ffltu)
    _ffltu                                   0x0800458d   Thumb Code    38  fflt_clz.o(x$fpl$ffltu)
    __aeabi_fmul                             0x080045b5   Thumb Code     0  fmul.o(x$fpl$fmul)
    _fmul                                    0x080045b5   Thumb Code   258  fmul.o(x$fpl$fmul)
    __fpl_fnaninf                            0x080046b7   Thumb Code   140  fnaninf.o(x$fpl$fnaninf)
    __fpl_fretinf                            0x08004743   Thumb Code    10  fretinf.o(x$fpl$fretinf)
    __aeabi_fsub                             0x0800474d   Thumb Code     0  faddsub_clz.o(x$fpl$fsub)
    _fsub                                    0x0800474d   Thumb Code   234  faddsub_clz.o(x$fpl$fsub)
    _printf_fp_dec                           0x08004837   Thumb Code     4  printf1.o(x$fpl$printf1)
    OLED_F8x16                               0x0800483a   Data        1520  oled_data.o(.constdata)
    __I$use$fp                               0x0800483a   Number         0  usenofp.o(x$fpl$usenofp)
    OLED_F6x8                                0x08004e2a   Data         570  oled_data.o(.constdata)
    OLED_CF16x16                             0x08005064   Data         252  oled_data.o(.constdata)
    Diode                                    0x08005160   Data          32  oled_data.o(.constdata)
    Region$$Table$$Base                      0x08005228   Number         0  anon$$obj.o(Region$$Table)
    Region$$Table$$Limit                     0x08005248   Number         0  anon$$obj.o(Region$$Table)
    AD0                                      0x20000000   Data           2  main.o(.data)
    AD1                                      0x20000002   Data           2  main.o(.data)
    AD2                                      0x20000004   Data           2  main.o(.data)
    k1                                       0x20000008   Data           4  main.o(.data)
    k2                                       0x2000000c   Data           4  main.o(.data)
    k3                                       0x20000010   Data           4  main.o(.data)
    b1                                       0x20000014   Data           4  main.o(.data)
    b2                                       0x20000018   Data           4  main.o(.data)
    b3                                       0x2000001c   Data           4  main.o(.data)
    v1                                       0x20000020   Data           4  main.o(.data)
    v2                                       0x20000024   Data           4  main.o(.data)
    v3                                       0x20000028   Data           4  main.o(.data)
    v1_y                                     0x2000002c   Data           4  main.o(.data)
    v2_y                                     0x20000030   Data           4  main.o(.data)
    v3_y                                     0x20000034   Data           4  main.o(.data)
    v1_show_en                               0x20000038   Data           4  main.o(.data)
    v2_show_en                               0x2000003c   Data           4  main.o(.data)
    v3_show_en                               0x20000040   Data           4  main.o(.data)
    vn_show_en_point                         0x20000044   Data           4  main.o(.data)
    key_num                                  0x20000048   Data           4  main.o(.data)
    page                                     0x2000004c   Data           4  main.o(.data)
    page0_point                              0x20000050   Data           4  main.o(.data)
    setting_x                                0x20000054   Data           4  main.o(.data)
    setting_y                                0x20000058   Data           4  main.o(.data)
    edit_mode                                0x2000005c   Data           4  main.o(.data)
    k1_temp                                  0x20000060   Data           4  main.o(.data)
    k2_temp                                  0x20000064   Data           4  main.o(.data)
    k3_temp                                  0x20000068   Data           4  main.o(.data)
    b1_temp                                  0x2000006c   Data           4  main.o(.data)
    b2_temp                                  0x20000070   Data           4  main.o(.data)
    b3_temp                                  0x20000074   Data           4  main.o(.data)
    temp                                     0x20000078   Data           4  main.o(.data)
    test_v                                   0x2000007c   Data           4  main.o(.data)
    OLED_DisplayBuf                          0x20000080   Data        1024  oled.o(.bss)
    v1_y_all                                 0x20000480   Data         512  main.o(.bss)
    v2_y_all                                 0x20000680   Data         512  main.o(.bss)
    v3_y_all                                 0x20000880   Data         512  main.o(.bss)
    text                                     0x20000a80   Data          30  main.o(.bss)
    __libspace_start                         0x20000aa0   Data          96  libspace.o(.bss)
    __temporary_stack_top$libspace           0x20000b00   Data           0  libspace.o(.bss)



==============================================================================

Memory Map of the image

  Image Entry point : 0x080000ed

  Load Region LR_IROM1 (Base: 0x08000000, Size: 0x000052e4, Max: 0x00010000, ABSOLUTE)

    Execution Region ER_IROM1 (Exec base: 0x08000000, Load base: 0x08000000, Size: 0x00005264, Max: 0x00010000, ABSOLUTE)

    Exec Addr    Load Addr    Size         Type   Attr      Idx    E Section Name        Object

    0x08000000   0x08000000   0x000000ec   Data   RO            3    RESET               startup_stm32f10x_md.o
    0x080000ec   0x080000ec   0x00000008   Code   RO         4062  * !!!main             c_w.l(__main.o)
    0x080000f4   0x080000f4   0x00000034   Code   RO         4474    !!!scatter          c_w.l(__scatter.o)
    0x08000128   0x08000128   0x0000001a   Code   RO         4476    !!handler_copy      c_w.l(__scatter_copy.o)
    0x08000142   0x08000142   0x00000002   PAD
    0x08000144   0x08000144   0x0000001c   Code   RO         4478    !!handler_zi        c_w.l(__scatter_zi.o)
    0x08000160   0x08000160   0x00000000   Code   RO         4057    .ARM.Collect$$_printf_percent$$00000000  c_w.l(_printf_percent.o)
    0x08000160   0x08000160   0x00000006   Code   RO         4056    .ARM.Collect$$_printf_percent$$00000003  c_w.l(_printf_f.o)
    0x08000166   0x08000166   0x00000006   Code   RO         4055    .ARM.Collect$$_printf_percent$$00000009  c_w.l(_printf_d.o)
    0x0800016c   0x0800016c   0x00000004   Code   RO         4192    .ARM.Collect$$_printf_percent$$00000017  c_w.l(_printf_percent_end.o)
    0x08000170   0x08000170   0x00000002   Code   RO         4338    .ARM.Collect$$libinit$$00000000  c_w.l(libinit.o)
    0x08000172   0x08000172   0x00000000   Code   RO         4340    .ARM.Collect$$libinit$$00000002  c_w.l(libinit2.o)
    0x08000172   0x08000172   0x00000000   Code   RO         4342    .ARM.Collect$$libinit$$00000004  c_w.l(libinit2.o)
    0x08000172   0x08000172   0x00000000   Code   RO         4345    .ARM.Collect$$libinit$$0000000A  c_w.l(libinit2.o)
    0x08000172   0x08000172   0x00000000   Code   RO         4347    .ARM.Collect$$libinit$$0000000C  c_w.l(libinit2.o)
    0x08000172   0x08000172   0x00000000   Code   RO         4349    .ARM.Collect$$libinit$$0000000E  c_w.l(libinit2.o)
    0x08000172   0x08000172   0x00000006   Code   RO         4350    .ARM.Collect$$libinit$$0000000F  c_w.l(libinit2.o)
    0x08000178   0x08000178   0x00000000   Code   RO         4352    .ARM.Collect$$libinit$$00000011  c_w.l(libinit2.o)
    0x08000178   0x08000178   0x00000000   Code   RO         4354    .ARM.Collect$$libinit$$00000013  c_w.l(libinit2.o)
    0x08000178   0x08000178   0x00000000   Code   RO         4356    .ARM.Collect$$libinit$$00000015  c_w.l(libinit2.o)
    0x08000178   0x08000178   0x0000000a   Code   RO         4357    .ARM.Collect$$libinit$$00000016  c_w.l(libinit2.o)
    0x08000182   0x08000182   0x00000000   Code   RO         4358    .ARM.Collect$$libinit$$00000017  c_w.l(libinit2.o)
    0x08000182   0x08000182   0x00000000   Code   RO         4360    .ARM.Collect$$libinit$$00000019  c_w.l(libinit2.o)
    0x08000182   0x08000182   0x00000000   Code   RO         4362    .ARM.Collect$$libinit$$0000001B  c_w.l(libinit2.o)
    0x08000182   0x08000182   0x00000000   Code   RO         4364    .ARM.Collect$$libinit$$0000001D  c_w.l(libinit2.o)
    0x08000182   0x08000182   0x00000000   Code   RO         4366    .ARM.Collect$$libinit$$0000001F  c_w.l(libinit2.o)
    0x08000182   0x08000182   0x00000000   Code   RO         4368    .ARM.Collect$$libinit$$00000021  c_w.l(libinit2.o)
    0x08000182   0x08000182   0x00000000   Code   RO         4370    .ARM.Collect$$libinit$$00000023  c_w.l(libinit2.o)
    0x08000182   0x08000182   0x00000000   Code   RO         4372    .ARM.Collect$$libinit$$00000025  c_w.l(libinit2.o)
    0x08000182   0x08000182   0x00000000   Code   RO         4376    .ARM.Collect$$libinit$$0000002C  c_w.l(libinit2.o)
    0x08000182   0x08000182   0x00000000   Code   RO         4378    .ARM.Collect$$libinit$$0000002E  c_w.l(libinit2.o)
    0x08000182   0x08000182   0x00000000   Code   RO         4380    .ARM.Collect$$libinit$$00000030  c_w.l(libinit2.o)
    0x08000182   0x08000182   0x00000000   Code   RO         4382    .ARM.Collect$$libinit$$00000032  c_w.l(libinit2.o)
    0x08000182   0x08000182   0x00000002   Code   RO         4383    .ARM.Collect$$libinit$$00000033  c_w.l(libinit2.o)
    0x08000184   0x08000184   0x00000002   Code   RO         4422    .ARM.Collect$$libshutdown$$00000000  c_w.l(libshutdown.o)
    0x08000186   0x08000186   0x00000000   Code   RO         4433    .ARM.Collect$$libshutdown$$00000002  c_w.l(libshutdown2.o)
    0x08000186   0x08000186   0x00000000   Code   RO         4435    .ARM.Collect$$libshutdown$$00000004  c_w.l(libshutdown2.o)
    0x08000186   0x08000186   0x00000000   Code   RO         4438    .ARM.Collect$$libshutdown$$00000007  c_w.l(libshutdown2.o)
    0x08000186   0x08000186   0x00000000   Code   RO         4441    .ARM.Collect$$libshutdown$$0000000A  c_w.l(libshutdown2.o)
    0x08000186   0x08000186   0x00000000   Code   RO         4443    .ARM.Collect$$libshutdown$$0000000C  c_w.l(libshutdown2.o)
    0x08000186   0x08000186   0x00000000   Code   RO         4446    .ARM.Collect$$libshutdown$$0000000F  c_w.l(libshutdown2.o)
    0x08000186   0x08000186   0x00000002   Code   RO         4447    .ARM.Collect$$libshutdown$$00000010  c_w.l(libshutdown2.o)
    0x08000188   0x08000188   0x00000000   Code   RO         4130    .ARM.Collect$$rtentry$$00000000  c_w.l(__rtentry.o)
    0x08000188   0x08000188   0x00000000   Code   RO         4249    .ARM.Collect$$rtentry$$00000002  c_w.l(__rtentry2.o)
    0x08000188   0x08000188   0x00000006   Code   RO         4261    .ARM.Collect$$rtentry$$00000004  c_w.l(__rtentry4.o)
    0x0800018e   0x0800018e   0x00000000   Code   RO         4251    .ARM.Collect$$rtentry$$00000009  c_w.l(__rtentry2.o)
    0x0800018e   0x0800018e   0x00000004   Code   RO         4252    .ARM.Collect$$rtentry$$0000000A  c_w.l(__rtentry2.o)
    0x08000192   0x08000192   0x00000000   Code   RO         4254    .ARM.Collect$$rtentry$$0000000C  c_w.l(__rtentry2.o)
    0x08000192   0x08000192   0x00000008   Code   RO         4255    .ARM.Collect$$rtentry$$0000000D  c_w.l(__rtentry2.o)
    0x0800019a   0x0800019a   0x00000002   Code   RO         4386    .ARM.Collect$$rtexit$$00000000  c_w.l(rtexit.o)
    0x0800019c   0x0800019c   0x00000000   Code   RO         4398    .ARM.Collect$$rtexit$$00000002  c_w.l(rtexit2.o)
    0x0800019c   0x0800019c   0x00000004   Code   RO         4399    .ARM.Collect$$rtexit$$00000003  c_w.l(rtexit2.o)
    0x080001a0   0x080001a0   0x00000006   Code   RO         4400    .ARM.Collect$$rtexit$$00000004  c_w.l(rtexit2.o)
    0x080001a6   0x080001a6   0x00000002   PAD
    0x080001a8   0x080001a8   0x00000040   Code   RO            4    .text               startup_stm32f10x_md.o
    0x080001e8   0x080001e8   0x0000002c   Code   RO         4027    .text               c_w.l(__2sprintf.o)
    0x08000214   0x08000214   0x00000078   Code   RO         4033    .text               c_w.l(_printf_dec.o)
    0x0800028c   0x0800028c   0x00000188   Code   RO         4052    .text               c_w.l(__printf_flags_ss_wp.o)
    0x08000414   0x08000414   0x00000080   Code   RO         4058    .text               c_w.l(strcmpv7m.o)
    0x08000494   0x08000494   0x00000006   Code   RO         4060    .text               c_w.l(heapauxi.o)
    0x0800049a   0x0800049a   0x000000b2   Code   RO         4139    .text               c_w.l(_printf_intcommon.o)
    0x0800054c   0x0800054c   0x0000041e   Code   RO         4143    .text               c_w.l(_printf_fp_dec.o)
    0x0800096a   0x0800096a   0x00000002   PAD
    0x0800096c   0x0800096c   0x00000030   Code   RO         4145    .text               c_w.l(_printf_char_common.o)
    0x0800099c   0x0800099c   0x0000000a   Code   RO         4147    .text               c_w.l(_sputc.o)
    0x080009a6   0x080009a6   0x00000002   PAD
    0x080009a8   0x080009a8   0x00000008   Code   RO         4266    .text               c_w.l(rt_locale_intlibspace.o)
    0x080009b0   0x080009b0   0x0000008a   Code   RO         4273    .text               c_w.l(lludiv10.o)
    0x08000a3a   0x08000a3a   0x00000002   PAD
    0x08000a3c   0x08000a3c   0x00000080   Code   RO         4278    .text               c_w.l(_printf_fp_infnan.o)
    0x08000abc   0x08000abc   0x000000e4   Code   RO         4286    .text               c_w.l(bigflt0.o)
    0x08000ba0   0x08000ba0   0x00000008   Code   RO         4324    .text               c_w.l(libspace.o)
    0x08000ba8   0x08000ba8   0x0000004a   Code   RO         4327    .text               c_w.l(sys_stackheap_outer.o)
    0x08000bf2   0x08000bf2   0x00000012   Code   RO         4331    .text               c_w.l(exit.o)
    0x08000c04   0x08000c04   0x0000000c   Code   RO         4412    .text               c_w.l(sys_exit.o)
    0x08000c10   0x08000c10   0x00000002   Code   RO         4423    .text               c_w.l(use_no_semi.o)
    0x08000c12   0x08000c12   0x00000000   Code   RO         4425    .text               c_w.l(indicate_semi.o)
    0x08000c12   0x08000c12   0x0000003e   Code   RO         4289    CL$$btod_d2e        c_w.l(btod.o)
    0x08000c50   0x08000c50   0x00000046   Code   RO         4291    CL$$btod_d2e_denorm_low  c_w.l(btod.o)
    0x08000c96   0x08000c96   0x00000060   Code   RO         4290    CL$$btod_d2e_norm_op1  c_w.l(btod.o)
    0x08000cf6   0x08000cf6   0x00000338   Code   RO         4299    CL$$btod_div_common  c_w.l(btod.o)
    0x0800102e   0x0800102e   0x000000dc   Code   RO         4296    CL$$btod_e2e        c_w.l(btod.o)
    0x0800110a   0x0800110a   0x0000002a   Code   RO         4293    CL$$btod_ediv       c_w.l(btod.o)
    0x08001134   0x08001134   0x0000002a   Code   RO         4292    CL$$btod_emul       c_w.l(btod.o)
    0x0800115e   0x0800115e   0x00000244   Code   RO         4298    CL$$btod_mult_common  c_w.l(btod.o)
    0x080013a2   0x080013a2   0x00000016   Code   RO          202    i.ADC_Cmd           stm32f10x_adc.o
    0x080013b8   0x080013b8   0x00000014   Code   RO          210    i.ADC_GetCalibrationStatus  stm32f10x_adc.o
    0x080013cc   0x080013cc   0x00000008   Code   RO          211    i.ADC_GetConversionValue  stm32f10x_adc.o
    0x080013d4   0x080013d4   0x00000012   Code   RO          213    i.ADC_GetFlagStatus  stm32f10x_adc.o
    0x080013e6   0x080013e6   0x00000014   Code   RO          216    i.ADC_GetResetCalibrationStatus  stm32f10x_adc.o
    0x080013fa   0x080013fa   0x00000002   PAD
    0x080013fc   0x080013fc   0x00000050   Code   RO          220    i.ADC_Init          stm32f10x_adc.o
    0x0800144c   0x0800144c   0x000000b8   Code   RO          224    i.ADC_RegularChannelConfig  stm32f10x_adc.o
    0x08001504   0x08001504   0x0000000a   Code   RO          225    i.ADC_ResetCalibration  stm32f10x_adc.o
    0x0800150e   0x0800150e   0x00000016   Code   RO          227    i.ADC_SoftwareStartConvCmd  stm32f10x_adc.o
    0x08001524   0x08001524   0x0000000a   Code   RO          229    i.ADC_StartCalibration  stm32f10x_adc.o
    0x0800152e   0x0800152e   0x00000002   PAD
    0x08001530   0x08001530   0x00000034   Code   RO         3594    i.AD_GetValue       ad.o
    0x08001564   0x08001564   0x00000094   Code   RO         3595    i.AD_Init           ad.o
    0x080015f8   0x080015f8   0x00000004   Code   RO         3960    i.BusFault_Handler  stm32f10x_it.o
    0x080015fc   0x080015fc   0x00000002   Code   RO         3961    i.DebugMon_Handler  stm32f10x_it.o
    0x080015fe   0x080015fe   0x00000018   Code   RO         3196    i.Delay_ms          delay.o
    0x08001616   0x08001616   0x0000002e   Code   RO         3198    i.Delay_us          delay.o
    0x08001644   0x08001644   0x00000116   Code   RO         1347    i.GPIO_Init         stm32f10x_gpio.o
    0x0800175a   0x0800175a   0x00000002   PAD
    0x0800175c   0x0800175c   0x00000090   Code   RO         1349    i.GPIO_PinRemapConfig  stm32f10x_gpio.o
    0x080017ec   0x080017ec   0x00000012   Code   RO         1351    i.GPIO_ReadInputDataBit  stm32f10x_gpio.o
    0x080017fe   0x080017fe   0x00000004   Code   RO         1354    i.GPIO_ResetBits    stm32f10x_gpio.o
    0x08001802   0x08001802   0x00000004   Code   RO         1355    i.GPIO_SetBits      stm32f10x_gpio.o
    0x08001806   0x08001806   0x0000000a   Code   RO         1358    i.GPIO_WriteBit     stm32f10x_gpio.o
    0x08001810   0x08001810   0x00000004   Code   RO         3962    i.HardFault_Handler  stm32f10x_it.o
    0x08001814   0x08001814   0x0000002c   Code   RO         3713    i.I2CInit           i2c_eeprom.o
    0x08001840   0x08001840   0x00000050   Code   RO         3714    i.I2CReceiveByte    i2c_eeprom.o
    0x08001890   0x08001890   0x0000004e   Code   RO         3716    i.I2CSendByte       i2c_eeprom.o
    0x080018de   0x080018de   0x00000034   Code   RO         3718    i.I2CStart          i2c_eeprom.o
    0x08001912   0x08001912   0x00000034   Code   RO         3719    i.I2CStop           i2c_eeprom.o
    0x08001946   0x08001946   0x0000004e   Code   RO         3720    i.I2CWaitAck        i2c_eeprom.o
    0x08001994   0x08001994   0x000000d8   Code   RO         3238    i.Key_GetNum        key.o
    0x08001a6c   0x08001a6c   0x00000054   Code   RO         3239    i.Key_Init          key.o
    0x08001ac0   0x08001ac0   0x0000004c   Code   RO         3220    i.LED_Init          led.o
    0x08001b0c   0x08001b0c   0x000000fc   Code   RO         3221    i.LED_change        led.o
    0x08001c08   0x08001c08   0x00000004   Code   RO         3963    i.MemManage_Handler  stm32f10x_it.o
    0x08001c0c   0x08001c0c   0x00000002   Code   RO         3964    i.NMI_Handler       stm32f10x_it.o
    0x08001c0e   0x08001c0e   0x00000002   PAD
    0x08001c10   0x08001c10   0x00000028   Code   RO         3342    i.OLED_Clear        oled.o
    0x08001c38   0x08001c38   0x000000a8   Code   RO         3343    i.OLED_ClearArea    oled.o
    0x08001ce0   0x08001ce0   0x00000176   Code   RO         3347    i.OLED_DrawLine     oled.o
    0x08001e56   0x08001e56   0x00000002   PAD
    0x08001e58   0x08001e58   0x00000050   Code   RO         3348    i.OLED_DrawPoint    oled.o
    0x08001ea8   0x08001ea8   0x00000060   Code   RO         3351    i.OLED_GPIO_Init    oled.o
    0x08001f08   0x08001f08   0x0000003e   Code   RO         3353    i.OLED_I2C_SendByte  oled.o
    0x08001f46   0x08001f46   0x0000001c   Code   RO         3354    i.OLED_I2C_Start    oled.o
    0x08001f62   0x08001f62   0x00000016   Code   RO         3355    i.OLED_I2C_Stop     oled.o
    0x08001f78   0x08001f78   0x0000009a   Code   RO         3356    i.OLED_Init         oled.o
    0x08002012   0x08002012   0x00000014   Code   RO         3358    i.OLED_Pow          oled.o
    0x08002026   0x08002026   0x00000002   PAD
    0x08002028   0x08002028   0x000000a8   Code   RO         3361    i.OLED_ReverseArea  oled.o
    0x080020d0   0x080020d0   0x00000022   Code   RO         3362    i.OLED_SetCursor    oled.o
    0x080020f2   0x080020f2   0x00000002   PAD
    0x080020f4   0x080020f4   0x00000054   Code   RO         3364    i.OLED_ShowChar     oled.o
    0x08002148   0x08002148   0x0000012c   Code   RO         3368    i.OLED_ShowImage    oled.o
    0x08002274   0x08002274   0x0000004c   Code   RO         3369    i.OLED_ShowNum      oled.o
    0x080022c0   0x080022c0   0x0000002e   Code   RO         3371    i.OLED_ShowString   oled.o
    0x080022ee   0x080022ee   0x00000002   PAD
    0x080022f0   0x080022f0   0x00000028   Code   RO         3372    i.OLED_Update       oled.o
    0x08002318   0x08002318   0x00000018   Code   RO         3374    i.OLED_W_SCL        oled.o
    0x08002330   0x08002330   0x00000018   Code   RO         3375    i.OLED_W_SDA        oled.o
    0x08002348   0x08002348   0x00000020   Code   RO         3376    i.OLED_WriteCommand  oled.o
    0x08002368   0x08002368   0x0000002e   Code   RO         3377    i.OLED_WriteData    oled.o
    0x08002396   0x08002396   0x00000002   Code   RO         3965    i.PendSV_Handler    stm32f10x_it.o
    0x08002398   0x08002398   0x00000018   Code   RO         1773    i.RCC_ADCCLKConfig  stm32f10x_rcc.o
    0x080023b0   0x080023b0   0x00000020   Code   RO         1777    i.RCC_APB2PeriphClockCmd  stm32f10x_rcc.o
    0x080023d0   0x080023d0   0x00000024   Code   RO         3721    i.SCL_Output        i2c_eeprom.o
    0x080023f4   0x080023f4   0x0000001c   Code   RO         3722    i.SDA_Input         i2c_eeprom.o
    0x08002410   0x08002410   0x0000002c   Code   RO         3723    i.SDA_Input_Mode    i2c_eeprom.o
    0x0800243c   0x0800243c   0x00000024   Code   RO         3724    i.SDA_Output        i2c_eeprom.o
    0x08002460   0x08002460   0x0000002c   Code   RO         3725    i.SDA_Output_Mode   i2c_eeprom.o
    0x0800248c   0x0800248c   0x00000002   Code   RO         3966    i.SVC_Handler       stm32f10x_it.o
    0x0800248e   0x0800248e   0x00000008   Code   RO           24    i.SetSysClock       system_stm32f10x.o
    0x08002496   0x08002496   0x00000002   PAD
    0x08002498   0x08002498   0x000000e0   Code   RO           25    i.SetSysClockTo72   system_stm32f10x.o
    0x08002578   0x08002578   0x00000002   Code   RO         3967    i.SysTick_Handler   stm32f10x_it.o
    0x0800257a   0x0800257a   0x00000002   PAD
    0x0800257c   0x0800257c   0x00000060   Code   RO           27    i.SystemInit        system_stm32f10x.o
    0x080025dc   0x080025dc   0x00000004   Code   RO         3968    i.UsageFault_Handler  stm32f10x_it.o
    0x080025e0   0x080025e0   0x00000028   Code   RO         4320    i.__ARM_fpclassify  m_ws.l(fpclassify.o)
    0x08002608   0x08002608   0x0000000e   Code   RO         4045    i._is_digit         c_w.l(__printf_wp.o)
    0x08002616   0x08002616   0x00000002   PAD
    0x08002618   0x08002618   0x0000002c   Code   RO         3695    i.beep_Init         beep.o
    0x08002644   0x08002644   0x00000020   Code   RO         3696    i.beep_change       beep.o
    0x08002664   0x08002664   0x0000000c   Code   RO         3726    i.delay1            i2c_eeprom.o
    0x08002670   0x08002670   0x00000046   Code   RO         3727    i.eeprom_read       i2c_eeprom.o
    0x080026b6   0x080026b6   0x00000034   Code   RO         3728    i.eeprom_white      i2c_eeprom.o
    0x080026ea   0x080026ea   0x00000002   PAD
    0x080026ec   0x080026ec   0x000013b8   Code   RO         3826    i.main              main.o
    0x08003aa4   0x08003aa4   0x00000168   Code   RO         3827    i.read              main.o
    0x08003c0c   0x08003c0c   0x00000168   Code   RO         3828    i.save              main.o
    0x08003d74   0x08003d74   0x0000002c   Code   RO         4314    locale$$code        c_w.l(lc_numeric_c.o)
    0x08003da0   0x08003da0   0x00000062   Code   RO         4064    x$fpl$d2f           fz_ws.l(d2f.o)
    0x08003e02   0x08003e02   0x00000002   PAD
    0x08003e04   0x08003e04   0x00000150   Code   RO         4066    x$fpl$dadd          fz_ws.l(daddsub_clz.o)
    0x08003f54   0x08003f54   0x00000018   Code   RO         4202    x$fpl$dcmpinf       fz_ws.l(dcmpi.o)
    0x08003f6c   0x08003f6c   0x00000078   Code   RO         4090    x$fpl$dleqf         fz_ws.l(dleqf.o)
    0x08003fe4   0x08003fe4   0x00000154   Code   RO         4092    x$fpl$dmul          fz_ws.l(dmul.o)
    0x08004138   0x08004138   0x0000009c   Code   RO         4204    x$fpl$dnaninf       fz_ws.l(dnaninf.o)
    0x080041d4   0x080041d4   0x0000000c   Code   RO         4206    x$fpl$dretinf       fz_ws.l(dretinf.o)
    0x080041e0   0x080041e0   0x0000006c   Code   RO         4094    x$fpl$drleqf        fz_ws.l(drleqf.o)
    0x0800424c   0x0800424c   0x00000016   Code   RO         4067    x$fpl$drsb          fz_ws.l(daddsub_clz.o)
    0x08004262   0x08004262   0x00000002   PAD
    0x08004264   0x08004264   0x000001d4   Code   RO         4068    x$fpl$dsub          fz_ws.l(daddsub_clz.o)
    0x08004438   0x08004438   0x00000056   Code   RO         4096    x$fpl$f2d           fz_ws.l(f2d.o)
    0x0800448e   0x0800448e   0x00000002   PAD
    0x08004490   0x08004490   0x000000c4   Code   RO         4098    x$fpl$fadd          fz_ws.l(faddsub_clz.o)
    0x08004554   0x08004554   0x00000036   Code   RO         4104    x$fpl$ffix          fz_ws.l(ffix.o)
    0x0800458a   0x0800458a   0x00000002   PAD
    0x0800458c   0x0800458c   0x00000026   Code   RO         4108    x$fpl$ffltu         fz_ws.l(fflt_clz.o)
    0x080045b2   0x080045b2   0x00000002   PAD
    0x080045b4   0x080045b4   0x00000102   Code   RO         4116    x$fpl$fmul          fz_ws.l(fmul.o)
    0x080046b6   0x080046b6   0x0000008c   Code   RO         4212    x$fpl$fnaninf       fz_ws.l(fnaninf.o)
    0x08004742   0x08004742   0x0000000a   Code   RO         4214    x$fpl$fretinf       fz_ws.l(fretinf.o)
    0x0800474c   0x0800474c   0x000000ea   Code   RO         4100    x$fpl$fsub          fz_ws.l(faddsub_clz.o)
    0x08004836   0x08004836   0x00000004   Code   RO         4118    x$fpl$printf1       fz_ws.l(printf1.o)
    0x0800483a   0x0800483a   0x00000000   Code   RO         4222    x$fpl$usenofp       fz_ws.l(usenofp.o)
    0x0800483a   0x0800483a   0x00000946   Data   RO         3814    .constdata          oled_data.o
    0x08005180   0x08005180   0x00000011   Data   RO         4053    .constdata          c_w.l(__printf_flags_ss_wp.o)
    0x08005191   0x08005191   0x00000003   PAD
    0x08005194   0x08005194   0x00000094   Data   RO         4287    .constdata          c_w.l(bigflt0.o)
    0x08005228   0x08005228   0x00000020   Data   RO         4472    Region$$Table       anon$$obj.o
    0x08005248   0x08005248   0x0000001c   Data   RO         4313    locale$$data        c_w.l(lc_numeric_c.o)


    Execution Region RW_IRAM1 (Exec base: 0x20000000, Load base: 0x08005264, Size: 0x00001100, Max: 0x00005000, ABSOLUTE)

    Exec Addr    Load Addr    Size         Type   Attr      Idx    E Section Name        Object

    0x20000000   0x08005264   0x00000080   Data   RW         3830    .data               main.o
    0x20000080        -       0x00000400   Zero   RW         3379    .bss                oled.o
    0x20000480        -       0x0000061e   Zero   RW         3829    .bss                main.o
    0x20000a9e   0x080052e4   0x00000002   PAD
    0x20000aa0        -       0x00000060   Zero   RW         4325    .bss                c_w.l(libspace.o)
    0x20000b00        -       0x00000200   Zero   RW            2    HEAP                startup_stm32f10x_md.o
    0x20000d00        -       0x00000400   Zero   RW            1    STACK               startup_stm32f10x_md.o


==============================================================================

Image component sizes


      Code (inc. data)   RO Data    RW Data    ZI Data      Debug   Object Name

       200         16          0          0          0     220348   ad.o
        76         10          0          0          0        898   beep.o
         0          0          0          0          0       4508   core_cm3.o
        70          0          0          0          0        858   delay.o
       706         30          0          0          0       6789   i2c_eeprom.o
       300         20          0          0          0       9564   key.o
       328         14          0          0          0       1040   led.o
      5768        772          0        128       1566       6282   main.o
         0          0          0          0          0     201656   misc.o
      1918         56          0          0       1024      13053   oled.o
         0          0       2374          0          0        994   oled_data.o
        64         26        236          0       1536        844   startup_stm32f10x_md.o
       394         10          0          0          0      16257   stm32f10x_adc.o
       458          6          0          0          0      12874   stm32f10x_gpio.o
        26          0          0          0          0       3450   stm32f10x_it.o
        56         12          0          0          0        984   stm32f10x_rcc.o
       328         28          0          0          0       9997   system_stm32f10x.o

    ----------------------------------------------------------------------
     10714       1000       2642        128       4128     510396   Object Totals
         0          0         32          0          0          0   (incl. Generated)
        22          0          0          0          2          0   (incl. Padding)

    ----------------------------------------------------------------------

      Code (inc. data)   RO Data    RW Data    ZI Data      Debug   Library Member Name

        44          6          0          0          0         84   __2sprintf.o
         8          0          0          0          0         68   __main.o
       392          4         17          0          0         92   __printf_flags_ss_wp.o
        14          0          0          0          0         68   __printf_wp.o
         0          0          0          0          0          0   __rtentry.o
        12          0          0          0          0          0   __rtentry2.o
         6          0          0          0          0          0   __rtentry4.o
        52          8          0          0          0          0   __scatter.o
        26          0          0          0          0          0   __scatter_copy.o
        28          0          0          0          0          0   __scatter_zi.o
        48          6          0          0          0         96   _printf_char_common.o
         6          0          0          0          0          0   _printf_d.o
       120         16          0          0          0         92   _printf_dec.o
         6          0          0          0          0          0   _printf_f.o
      1054          0          0          0          0        216   _printf_fp_dec.o
       128         16          0          0          0         84   _printf_fp_infnan.o
       178          0          0          0          0         88   _printf_intcommon.o
         0          0          0          0          0          0   _printf_percent.o
         4          0          0          0          0          0   _printf_percent_end.o
        10          0          0          0          0         68   _sputc.o
       228          4        148          0          0         96   bigflt0.o
      1936        128          0          0          0        672   btod.o
        18          0          0          0          0         80   exit.o
         6          0          0          0          0        152   heapauxi.o
         0          0          0          0          0          0   indicate_semi.o
        44         10         28          0          0         76   lc_numeric_c.o
         2          0          0          0          0          0   libinit.o
        18          0          0          0          0          0   libinit2.o
         2          0          0          0          0          0   libshutdown.o
         2          0          0          0          0          0   libshutdown2.o
         8          4          0          0         96         68   libspace.o
       138          0          0          0          0         80   lludiv10.o
         8          4          0          0          0         68   rt_locale_intlibspace.o
         2          0          0          0          0          0   rtexit.o
        10          0          0          0          0          0   rtexit2.o
       128          0          0          0          0         68   strcmpv7m.o
        12          4          0          0          0         68   sys_exit.o
        74          0          0          0          0         80   sys_stackheap_outer.o
         2          0          0          0          0         68   use_no_semi.o
        98          4          0          0          0         92   d2f.o
       826         16          0          0          0        348   daddsub_clz.o
        24          0          0          0          0         68   dcmpi.o
       120          4          0          0          0         92   dleqf.o
       340         12          0          0          0        104   dmul.o
       156          4          0          0          0         92   dnaninf.o
        12          0          0          0          0         68   dretinf.o
       108          0          0          0          0         80   drleqf.o
        86          4          0          0          0         84   f2d.o
       430          8          0          0          0        168   faddsub_clz.o
        54          4          0          0          0         84   ffix.o
        38          0          0          0          0         68   fflt_clz.o
       258          4          0          0          0         84   fmul.o
       140          4          0          0          0         84   fnaninf.o
        10          0          0          0          0         68   fretinf.o
         4          0          0          0          0         68   printf1.o
         0          0          0          0          0          0   usenofp.o
        40          0          0          0          0         68   fpclassify.o

    ----------------------------------------------------------------------
      7540        274        196          0         96       4252   Library Totals
        22          0          3          0          0          0   (incl. Padding)

    ----------------------------------------------------------------------

      Code (inc. data)   RO Data    RW Data    ZI Data      Debug   Library Name

      4774        210        193          0         96       2532   c_w.l
      2704         64          0          0          0       1652   fz_ws.l
        40          0          0          0          0         68   m_ws.l

    ----------------------------------------------------------------------
      7540        274        196          0         96       4252   Library Totals

    ----------------------------------------------------------------------

==============================================================================


      Code (inc. data)   RO Data    RW Data    ZI Data      Debug   

     18254       1274       2838        128       4224     508404   Grand Totals
     18254       1274       2838        128       4224     508404   ELF Image Totals
     18254       1274       2838        128          0          0   ROM Totals

==============================================================================

    Total RO  Size (Code + RO Data)                21092 (  20.60kB)
    Total RW  Size (RW Data + ZI Data)              4352 (   4.25kB)
    Total ROM Size (Code + RO Data + RW Data)      21220 (  20.72kB)

==============================================================================

